Archive member included because of file (symbol)

c:/gnutoolsarmembedded/4.7-2012q4/bin/../lib/gcc/arm-none-eabi/4.7.3/armv7e-m/fpu\libgcc.a(_arm_addsubdf3.o)
                              ./src/synth.o (__aeabi_f2d)
c:/gnutoolsarmembedded/4.7-2012q4/bin/../lib/gcc/arm-none-eabi/4.7.3/armv7e-m/fpu\libgcc.a(_arm_cmpdf2.o)
                              ./src/synth.o (__aeabi_dcmplt)
C:\GNUToolsARMEmbedded\4.7-2012q4\arm-none-eabi\lib\armv7e-m\fpu\libc.a(lib_a-memcpy.o)
                              ./src/synth.o (memcpy)
C:\GNUToolsARMEmbedded\4.7-2012q4\arm-none-eabi\lib\armv7e-m\fpu\libc.a(lib_a-memset.o)
                              ./src/synth.o (memset)
C:\GNUToolsARMEmbedded\4.7-2012q4\arm-none-eabi\lib\armv7e-m\fpu\libm.a(lib_a-sf_lrint.o)
                              ./src/synth.o (lrintf)
C:\GNUToolsARMEmbedded\4.7-2012q4\arm-none-eabi\lib\armv7e-m\fpu\libm.a(lib_a-sf_sin.o)
                              ./src/phaser2.o (sinf)
C:\GNUToolsARMEmbedded\4.7-2012q4\arm-none-eabi\lib\armv7e-m\fpu\libm.a(lib_a-ef_rem_pio2.o)
                              C:\GNUToolsARMEmbedded\4.7-2012q4\arm-none-eabi\lib\armv7e-m\fpu\libm.a(lib_a-sf_sin.o) (__ieee754_rem_pio2f)
C:\GNUToolsARMEmbedded\4.7-2012q4\arm-none-eabi\lib\armv7e-m\fpu\libm.a(lib_a-kf_cos.o)
                              C:\GNUToolsARMEmbedded\4.7-2012q4\arm-none-eabi\lib\armv7e-m\fpu\libm.a(lib_a-sf_sin.o) (__kernel_cosf)
C:\GNUToolsARMEmbedded\4.7-2012q4\arm-none-eabi\lib\armv7e-m\fpu\libm.a(lib_a-kf_rem_pio2.o)
                              C:\GNUToolsARMEmbedded\4.7-2012q4\arm-none-eabi\lib\armv7e-m\fpu\libm.a(lib_a-ef_rem_pio2.o) (__kernel_rem_pio2f)
C:\GNUToolsARMEmbedded\4.7-2012q4\arm-none-eabi\lib\armv7e-m\fpu\libm.a(lib_a-kf_sin.o)
                              C:\GNUToolsARMEmbedded\4.7-2012q4\arm-none-eabi\lib\armv7e-m\fpu\libm.a(lib_a-sf_sin.o) (__kernel_sinf)
C:\GNUToolsARMEmbedded\4.7-2012q4\arm-none-eabi\lib\armv7e-m\fpu\libm.a(lib_a-sf_fabs.o)
                              C:\GNUToolsARMEmbedded\4.7-2012q4\arm-none-eabi\lib\armv7e-m\fpu\libm.a(lib_a-ef_rem_pio2.o) (fabsf)
C:\GNUToolsARMEmbedded\4.7-2012q4\arm-none-eabi\lib\armv7e-m\fpu\libm.a(lib_a-sf_floor.o)
                              C:\GNUToolsARMEmbedded\4.7-2012q4\arm-none-eabi\lib\armv7e-m\fpu\libm.a(lib_a-kf_rem_pio2.o) (floorf)
C:\GNUToolsARMEmbedded\4.7-2012q4\arm-none-eabi\lib\armv7e-m\fpu\libm.a(lib_a-sf_scalbn.o)
                              C:\GNUToolsARMEmbedded\4.7-2012q4\arm-none-eabi\lib\armv7e-m\fpu\libm.a(lib_a-kf_rem_pio2.o) (scalbnf)
C:\GNUToolsARMEmbedded\4.7-2012q4\arm-none-eabi\lib\armv7e-m\fpu\libm.a(lib_a-sf_copysign.o)
                              C:\GNUToolsARMEmbedded\4.7-2012q4\arm-none-eabi\lib\armv7e-m\fpu\libm.a(lib_a-sf_scalbn.o) (copysignf)

Allocating common symbols
Common symbol       size              file

_j                  0x4               ./src/main.o
CurrentPos          0x4               ./src/stm32f4_discovery_audio_codec.o
TIM_TimeBaseStructure
                    0xc               ./src/main.o
_z                  0x4               ./src/main.o
freq                0x4               ./src/main.o
_init               0x4               ./src/main.o
readpos             0x4               ./src/main.o
_p                  0x4               ./src/main.o
envTrigger          0x1               ./src/main.o
audiobuff           0x500             ./src/main.o
_w                  0x4               ./src/main.o
phase2Step          0x4               ./src/main.o
sampleT             0x4               ./src/main.o
AUDIO_MAL_DMA_InitStructure
                    0x3c              ./src/stm32f4_discovery_audio_codec.o
potSet              0x1               ./src/main.o
delayline           0x17708           ./src/main.o
GPIO_InitStructure  0x8               ./src/main.o
old_dy              0x4               ./src/main.o
envAmp              0x1               ./src/main.o
writepos            0x4               ./src/main.o
_f                  0x520             ./src/main.o
NVIC_InitStructure  0x4               ./src/stm32f4_discovery.o
RCC_Clocks          0x10              ./src/main.o
envPhase            0x4               ./src/main.o
DMA_InitStructure   0x3c              ./src/stm32f4_discovery_audio_codec.o
ADC1ConvertedValues
                    0x10              ./src/main.o
seqIndex            0x4               ./src/main.o

Discarded input sections

 .text          0x00000000       0x14 ./cmsis/device/startup_stm32f4xx.o
 .data          0x00000000        0x0 ./cmsis/device/startup_stm32f4xx.o
 .bss           0x00000000        0x0 ./cmsis/device/startup_stm32f4xx.o
 .text          0x00000000        0x0 ./src/main.o
 .data          0x00000000        0x0 ./src/main.o
 .bss           0x00000000        0x0 ./src/main.o
 .text.Delay    0x00000000       0x18 ./src/main.o
 .text.TimingDelay_Decrement
                0x00000000       0x14 ./src/main.o
 .data.delayVol
                0x00000000        0x4 ./src/main.o
 .data.TimingDelay
[...]
Memory Configuration

Name             Origin             Length             Attributes
rom              0x08000000         0x00100000         xr
ram              0x20000000         0x00020000         xrw
ccm              0x10000000         0x00010000         xrw
*default*        0x00000000         0xffffffff

Linker script and memory map

LOAD ./cmsis/device/startup_stm32f4xx.o
LOAD ./src/main.o
LOAD ./src/minblep_tables.o
LOAD ./src/phaser2.o
LOAD ./src/pitchTables.o
LOAD ./src/sequences.o
LOAD ./src/stm32f4_discovery.o
LOAD ./src/stm32f4_discovery_audio_codec.o
LOAD ./src/stm32f4xx_it.o
LOAD ./src/synth.o
LOAD ./cmsis/device/misc.o
LOAD ./cmsis/device/stm32f4xx_adc.o
LOAD ./cmsis/device/stm32f4xx_dac.o
LOAD ./cmsis/device/stm32f4xx_dma.o
LOAD ./cmsis/device/stm32f4xx_exti.o
LOAD ./cmsis/device/stm32f4xx_gpio.o
LOAD ./cmsis/device/stm32f4xx_i2c.o
LOAD ./cmsis/device/stm32f4xx_rcc.o
LOAD ./cmsis/device/stm32f4xx_rng.o
LOAD ./cmsis/device/stm32f4xx_rtc.o
LOAD ./cmsis/device/stm32f4xx_spi.o
LOAD ./cmsis/device/stm32f4xx_syscfg.o
LOAD ./cmsis/device/stm32f4xx_tim.o
LOAD ./cmsis/device/system_stm32f4xx.o
LOAD c:/gnutoolsarmembedded/4.7-2012q4/bin/../lib/gcc/arm-none-eabi/4.7.3/armv7e-m/fpu\libgcc.a
LOAD C:\GNUToolsARMEmbedded\4.7-2012q4\arm-none-eabi\lib\armv7e-m\fpu\libc.a
LOAD C:\GNUToolsARMEmbedded\4.7-2012q4\arm-none-eabi\lib\armv7e-m\fpu\libm.a
START GROUP
LOAD c:/gnutoolsarmembedded/4.7-2012q4/bin/../lib/gcc/arm-none-eabi/4.7.3/armv7e-m/fpu\libgcc.a
LOAD C:\GNUToolsARMEmbedded\4.7-2012q4\arm-none-eabi\lib\armv7e-m\fpu\libc.a
END GROUP
START GROUP
LOAD c:/gnutoolsarmembedded/4.7-2012q4/bin/../lib/gcc/arm-none-eabi/4.7.3/armv7e-m/fpu\libgcc.a
LOAD C:\GNUToolsARMEmbedded\4.7-2012q4\arm-none-eabi\lib\armv7e-m\fpu\libc.a
LOAD C:\GNUToolsARMEmbedded\4.7-2012q4\arm-none-eabi\lib\armv7e-m\fpu\libm.a
LOAD C:\GNUToolsARMEmbedded\4.7-2012q4\arm-none-eabi\lib\armv7e-m\fpu\libnosys.a
END GROUP
                0x20020000                _eram = 0x20020000

.text           0x08000000     0xe080
 *(.isr_vector .isr_vector.*)
 .isr_vector    0x08000000      0x188 ./cmsis/device/startup_stm32f4xx.o
                0x08000000                g_pfnVectors
 *(.text .text.* .gnu.linkonce.t.*)
 .text.Reset_Handler
                0x08000188       0x4c ./cmsis/device/startup_stm32f4xx.o
                0x08000188                Reset_Handler
 .text.Default_Handler
                0x080001d4        0x4 ./cmsis/device/startup_stm32f4xx.o
                0x080001d4                RTC_Alarm_IRQHandler
                0x080001d4                HASH_RNG_IRQHandler
                0x080001d4                EXTI2_IRQHandler
                0x080001d4                TIM8_CC_IRQHandler
                0x080001d4                TIM1_CC_IRQHandler
                0x080001d4                DMA2_Stream5_IRQHandler
                0x080001d4                DMA1_Stream5_IRQHandler
                0x080001d4                PVD_IRQHandler
                0x080001d4                SDIO_IRQHandler
                0x080001d4                TAMP_STAMP_IRQHandler
                0x080001d4                CAN2_RX1_IRQHandler
                0x080001d4                EXTI3_IRQHandler
                0x080001d4                TIM8_TRG_COM_TIM14_IRQHandler
                0x080001d4                TIM1_UP_TIM10_IRQHandler
                0x080001d4                TIM8_UP_TIM13_IRQHandler
                0x080001d4                I2C3_ER_IRQHandler
                0x080001d4                I2C2_EV_IRQHandler
                0x080001d4                DMA1_Stream2_IRQHandler
                0x080001d4                CAN1_RX0_IRQHandler
                0x080001d4                FPU_IRQHandler
                0x080001d4                OTG_HS_WKUP_IRQHandler
                0x080001d4                CAN2_SCE_IRQHandler
                0x080001d4                DMA2_Stream2_IRQHandler
                0x080001d4                SPI1_IRQHandler
                0x080001d4                TIM1_BRK_TIM9_IRQHandler
                0x080001d4                DCMI_IRQHandler
                0x080001d4                CAN2_RX0_IRQHandler
                0x080001d4                DMA2_Stream3_IRQHandler
                0x080001d4                USART6_IRQHandler
                0x080001d4                USART3_IRQHandler
                0x080001d4                CRYP_IRQHandler
                0x080001d4                CAN1_RX1_IRQHandler
                0x080001d4                UART5_IRQHandler
                0x080001d4                DMA2_Stream0_IRQHandler
                0x080001d4                I2C1_EV_IRQHandler
                0x080001d4                DMA1_Stream6_IRQHandler
                0x080001d4                DMA1_Stream1_IRQHandler
                0x080001d4                UART4_IRQHandler
                0x080001d4                TIM3_IRQHandler
                0x080001d4                RCC_IRQHandler
                0x080001d4                TIM8_BRK_TIM12_IRQHandler
                0x080001d4                Default_Handler
                0x080001d4                EXTI15_10_IRQHandler
                0x080001d4                ADC_IRQHandler
                0x080001d4                TIM7_IRQHandler
                0x080001d4                CAN2_TX_IRQHandler
                0x080001d4                TIM5_IRQHandler
                0x080001d4                DMA2_Stream7_IRQHandler
                0x080001d4                I2C3_EV_IRQHandler
                0x080001d4                EXTI9_5_IRQHandler
                0x080001d4                RTC_WKUP_IRQHandler
                0x080001d4                ETH_WKUP_IRQHandler
                0x080001d4                SPI2_IRQHandler
                0x080001d4                OTG_HS_EP1_IN_IRQHandler
                0x080001d4                CAN1_TX_IRQHandler
                0x080001d4                EXTI4_IRQHandler
                0x080001d4                FSMC_IRQHandler
                0x080001d4                ETH_IRQHandler
                0x080001d4                OTG_HS_EP1_OUT_IRQHandler
                0x080001d4                WWDG_IRQHandler
                0x080001d4                TIM2_IRQHandler
                0x080001d4                OTG_FS_WKUP_IRQHandler
                0x080001d4                TIM1_TRG_COM_TIM11_IRQHandler
                0x080001d4                OTG_HS_IRQHandler
                0x080001d4                EXTI1_IRQHandler
                0x080001d4                USART2_IRQHandler
                0x080001d4                I2C2_ER_IRQHandler
                0x080001d4                DMA2_Stream1_IRQHandler
                0x080001d4                CAN1_SCE_IRQHandler
                0x080001d4                FLASH_IRQHandler
                0x080001d4                DMA2_Stream4_IRQHandler
                0x080001d4                USART1_IRQHandler
                0x080001d4                OTG_FS_IRQHandler
                0x080001d4                DMA1_Stream4_IRQHandler
                0x080001d4                I2C1_ER_IRQHandler
                0x080001d4                DMA2_Stream6_IRQHandler
                0x080001d4                DMA1_Stream3_IRQHandler
 .text.Codec_TIMEOUT_UserCallback
                0x080001d8        0x4 ./src/main.o
                0x080001d8                Codec_TIMEOUT_UserCallback
 .text.EVAL_AUDIO_HalfTransfer_CallBack
                0x080001dc        0x8 ./src/main.o
                0x080001dc                EVAL_AUDIO_HalfTransfer_CallBack
 .text.EVAL_AUDIO_TransferComplete_CallBack
                0x080001e4        0xc ./src/main.o
                0x080001e4                EVAL_AUDIO_TransferComplete_CallBack
 .text.EVAL_AUDIO_GetSampleCallBack
                0x080001f0        0x4 ./src/main.o
                0x080001f0                EVAL_AUDIO_GetSampleCallBack
 .text.randomNum
                0x080001f4       0x2c ./src/main.o
                0x080001f4                randomNum
 .text.ADC1_start
                0x08000220      0x19c ./src/main.o
                0x08000220                ADC1_start
 .text.TIM6_Config_and_start
                0x080003bc       0xac ./src/main.o
                0x080003bc                TIM6_Config_and_start
 .text.startup.main
                0x08000468       0xf0 ./src/main.o
                0x08000468                main
 .text.PhaserInit
                0x08000558       0xac ./src/phaser2.o
                0x08000558                PhaserInit
 .text.PhaserRate
                0x08000604       0x34 ./src/phaser2.o
                0x08000604                PhaserRate
 .text.PhaserFeedback
                0x08000638       0x10 ./src/phaser2.o
                0x08000638                PhaserFeedback
 .text.PhaserProcess
                0x08000648      0x134 ./src/phaser2.o
                0x08000648                PhaserProcess
 .text.STM_EVAL_LEDInit
                0x0800077c       0x54 ./src/stm32f4_discovery.o
                0x0800077c                STM_EVAL_LEDInit
 .text.STM_EVAL_LEDOn
                0x080007d0       0x1c ./src/stm32f4_discovery.o
                0x080007d0                STM_EVAL_LEDOn
 .text.STM_EVAL_LEDOff
                0x080007ec       0x1c ./src/stm32f4_discovery.o
                0x080007ec                STM_EVAL_LEDOff
 .text.STM_EVAL_PBInit
                0x08000808       0x7c ./src/stm32f4_discovery.o
                0x08000808                STM_EVAL_PBInit
 .text.Audio_MAL_IRQHandler
                0x08000884       0x64 ./src/stm32f4_discovery_audio_codec.o
 .text.Codec_Reset
                0x080008e8       0x2c ./src/stm32f4_discovery_audio_codec.o
 .text.Codec_WriteRegister
                0x08000914      0x2e4 ./src/stm32f4_discovery_audio_codec.o
 .text.Codec_VolumeCtrl
                0x08000bf8       0x1c ./src/stm32f4_discovery_audio_codec.o
 .text.EVAL_AUDIO_VolumeCtl
                0x08000c14       0x24 ./src/stm32f4_discovery_audio_codec.o
                0x08000c14                EVAL_AUDIO_VolumeCtl
 .text.DMA1_Stream7_IRQHandler
                0x08000c38        0x4 ./src/stm32f4_discovery_audio_codec.o
                0x08000c38                DMA1_Stream7_IRQHandler
 .text.DMA1_Stream0_IRQHandler
                0x08000c3c        0x4 ./src/stm32f4_discovery_audio_codec.o
                0x08000c3c                DMA1_Stream0_IRQHandler
 .text.SPI3_IRQHandler
                0x08000c40       0x44 ./src/stm32f4_discovery_audio_codec.o
                0x08000c40                SPI3_IRQHandler
 .text.Audio_MAL_Play
                0x08000c84       0x64 ./src/stm32f4_discovery_audio_codec.o
                0x08000c84                Audio_MAL_Play
 .text.EVAL_AUDIO_Play
                0x08000ce8       0x44 ./src/stm32f4_discovery_audio_codec.o
                0x08000ce8                EVAL_AUDIO_Play
 .text.DAC_Config
                0x08000d2c       0x50 ./src/stm32f4_discovery_audio_codec.o
                0x08000d2c                DAC_Config
 .text.EVAL_AUDIO_Init
                0x08000d7c      0x414 ./src/stm32f4_discovery_audio_codec.o
                0x08000d7c                EVAL_AUDIO_Init
 .text.NMI_Handler
                0x08001190        0x4 ./src/stm32f4xx_it.o
                0x08001190                NMI_Handler
 .text.HardFault_Handler
                0x08001194        0x4 ./src/stm32f4xx_it.o
                0x08001194                HardFault_Handler
 .text.MemManage_Handler
                0x08001198        0x4 ./src/stm32f4xx_it.o
                0x08001198                MemManage_Handler
 .text.BusFault_Handler
                0x0800119c        0x4 ./src/stm32f4xx_it.o
                0x0800119c                BusFault_Handler
 .text.UsageFault_Handler
                0x080011a0        0x4 ./src/stm32f4xx_it.o
                0x080011a0                UsageFault_Handler
 .text.SVC_Handler
                0x080011a4        0x4 ./src/stm32f4xx_it.o
                0x080011a4                SVC_Handler
 .text.DebugMon_Handler
                0x080011a8        0x4 ./src/stm32f4xx_it.o
                0x080011a8                DebugMon_Handler
 .text.PendSV_Handler
                0x080011ac        0x4 ./src/stm32f4xx_it.o
                0x080011ac                PendSV_Handler
 .text.SysTick_Handler
                0x080011b0      0x3e0 ./src/stm32f4xx_it.o
                0x080011b0                SysTick_Handler
 .text.TIM6_DAC_IRQHandler
                0x08001590      0x1bc ./src/stm32f4xx_it.o
                0x08001590                TIM6_DAC_IRQHandler
 .text.EXTI0_IRQHandler
                0x0800174c        0x4 ./src/stm32f4xx_it.o
                0x0800174c                EXTI0_IRQHandler
 .text.TIM4_IRQHandler
                0x08001750        0x4 ./src/stm32f4xx_it.o
                0x08001750                TIM4_IRQHandler
 .text.nextSawEnv
                0x08001754       0x84 ./src/synth.o
                0x08001754                nextSawEnv
 .text.place_step_dd
                0x080017d8       0xdc ./src/synth.o
                0x080017d8                place_step_dd
 .text.sawtooth_active
                0x080018b4       0x3c ./src/synth.o
                0x080018b4                sawtooth_active
 .text.sawtooth_runproc
                0x080018f0      0x3c0 ./src/synth.o
                0x080018f0                sawtooth_runproc
 .text.NVIC_Init
                0x08001cb0       0x80 ./cmsis/device/misc.o
                0x08001cb0                NVIC_Init
 .text.ADC_DeInit
                0x08001d30       0x1c ./cmsis/device/stm32f4xx_adc.o
                0x08001d30                ADC_DeInit
 .text.ADC_Init
                0x08001d4c       0x50 ./cmsis/device/stm32f4xx_adc.o
                0x08001d4c                ADC_Init
 .text.ADC_CommonInit
                0x08001d9c       0x30 ./cmsis/device/stm32f4xx_adc.o
                0x08001d9c                ADC_CommonInit
 .text.ADC_Cmd  0x08001dcc       0x14 ./cmsis/device/stm32f4xx_adc.o
                0x08001dcc                ADC_Cmd
 .text.ADC_RegularChannelConfig
                0x08001de0       0x9c ./cmsis/device/stm32f4xx_adc.o
                0x08001de0                ADC_RegularChannelConfig
 .text.ADC_SoftwareStartConv
                0x08001e7c        0xc ./cmsis/device/stm32f4xx_adc.o
                0x08001e7c                ADC_SoftwareStartConv
 .text.ADC_ContinuousModeCmd
                0x08001e88       0x14 ./cmsis/device/stm32f4xx_adc.o
                0x08001e88                ADC_ContinuousModeCmd
 .text.ADC_DMACmd
                0x08001e9c       0x14 ./cmsis/device/stm32f4xx_adc.o
                0x08001e9c                ADC_DMACmd
 .text.ADC_DMARequestAfterLastTransferCmd
                0x08001eb0       0x14 ./cmsis/device/stm32f4xx_adc.o
                0x08001eb0                ADC_DMARequestAfterLastTransferCmd
 .text.DAC_Init
                0x08001ec4       0x38 ./cmsis/device/stm32f4xx_dac.o
                0x08001ec4                DAC_Init
 .text.DAC_Cmd  0x08001efc       0x28 ./cmsis/device/stm32f4xx_dac.o
                0x08001efc                DAC_Cmd
 .text.DAC_SetChannel1Data
                0x08001f24       0x20 ./cmsis/device/stm32f4xx_dac.o
                0x08001f24                DAC_SetChannel1Data
 .text.DMA_DeInit
                0x08001f44      0x1ec ./cmsis/device/stm32f4xx_dma.o
                0x08001f44                DMA_DeInit
 .text.DMA_Init
                0x08002130       0x88 ./cmsis/device/stm32f4xx_dma.o
                0x08002130                DMA_Init
 .text.DMA_Cmd  0x080021b8       0x14 ./cmsis/device/stm32f4xx_dma.o
                0x080021b8                DMA_Cmd
 .text.DMA_GetFlagStatus
                0x080021cc       0x40 ./cmsis/device/stm32f4xx_dma.o
                0x080021cc                DMA_GetFlagStatus
 .text.DMA_ClearFlag
                0x0800220c       0x38 ./cmsis/device/stm32f4xx_dma.o
                0x0800220c                DMA_ClearFlag
 .text.DMA_ITConfig
                0x08002244       0x40 ./cmsis/device/stm32f4xx_dma.o
                0x08002244                DMA_ITConfig
 .text.EXTI_Init
                0x08002284       0x7c ./cmsis/device/stm32f4xx_exti.o
                0x08002284                EXTI_Init
 .text.GPIO_Init
                0x08002300      0x150 ./cmsis/device/stm32f4xx_gpio.o
                0x08002300                GPIO_Init
 .text.GPIO_WriteBit
                0x08002450        0xc ./cmsis/device/stm32f4xx_gpio.o
                0x08002450                GPIO_WriteBit
 .text.GPIO_PinAFConfig
                0x0800245c       0x30 ./cmsis/device/stm32f4xx_gpio.o
                0x0800245c                GPIO_PinAFConfig
 .text.I2C_DeInit
                0x0800248c       0x70 ./cmsis/device/stm32f4xx_i2c.o
                0x0800248c                I2C_DeInit
 .text.I2C_Init
                0x080024fc       0xe8 ./cmsis/device/stm32f4xx_i2c.o
                0x080024fc                I2C_Init
 .text.I2C_Cmd  0x080025e4       0x1c ./cmsis/device/stm32f4xx_i2c.o
                0x080025e4                I2C_Cmd
 .text.I2C_GenerateSTART
                0x08002600       0x1c ./cmsis/device/stm32f4xx_i2c.o
                0x08002600                I2C_GenerateSTART
 .text.I2C_GenerateSTOP
                0x0800261c       0x1c ./cmsis/device/stm32f4xx_i2c.o
                0x0800261c                I2C_GenerateSTOP
 .text.I2C_Send7bitAddress
                0x08002638       0x14 ./cmsis/device/stm32f4xx_i2c.o
                0x08002638                I2C_Send7bitAddress
 .text.I2C_AcknowledgeConfig
                0x0800264c       0x1c ./cmsis/device/stm32f4xx_i2c.o
                0x0800264c                I2C_AcknowledgeConfig
 .text.I2C_SendData
                0x08002668        0x4 ./cmsis/device/stm32f4xx_i2c.o
                0x08002668                I2C_SendData
 .text.I2C_ReceiveData
                0x0800266c        0x8 ./cmsis/device/stm32f4xx_i2c.o
                0x0800266c                I2C_ReceiveData
 .text.I2C_CheckEvent
                0x08002674       0x18 ./cmsis/device/stm32f4xx_i2c.o
                0x08002674                I2C_CheckEvent
 .text.I2C_GetFlagStatus
                0x0800268c       0x38 ./cmsis/device/stm32f4xx_i2c.o
                0x0800268c                I2C_GetFlagStatus
 .text.I2C_ClearFlag
                0x080026c4        0x8 ./cmsis/device/stm32f4xx_i2c.o
                0x080026c4                I2C_ClearFlag
 .text.RCC_GetClocksFreq
                0x080026cc       0xb4 ./cmsis/device/stm32f4xx_rcc.o
                0x080026cc                RCC_GetClocksFreq
 .text.RCC_AHB1PeriphClockCmd
                0x08002780       0x1c ./cmsis/device/stm32f4xx_rcc.o
                0x08002780                RCC_AHB1PeriphClockCmd
 .text.RCC_AHB2PeriphClockCmd
                0x0800279c       0x1c ./cmsis/device/stm32f4xx_rcc.o
                0x0800279c                RCC_AHB2PeriphClockCmd
 .text.RCC_APB1PeriphClockCmd
                0x080027b8       0x1c ./cmsis/device/stm32f4xx_rcc.o
                0x080027b8                RCC_APB1PeriphClockCmd
 .text.RCC_APB2PeriphClockCmd
                0x080027d4       0x1c ./cmsis/device/stm32f4xx_rcc.o
                0x080027d4                RCC_APB2PeriphClockCmd
 .text.RCC_APB1PeriphResetCmd
                0x080027f0       0x1c ./cmsis/device/stm32f4xx_rcc.o
                0x080027f0                RCC_APB1PeriphResetCmd
 .text.RCC_APB2PeriphResetCmd
                0x0800280c       0x1c ./cmsis/device/stm32f4xx_rcc.o
                0x0800280c                RCC_APB2PeriphResetCmd
 .text.RNG_Cmd  0x08002828       0x1c ./cmsis/device/stm32f4xx_rng.o
                0x08002828                RNG_Cmd
 .text.RNG_GetRandomNumber
                0x08002844        0xc ./cmsis/device/stm32f4xx_rng.o
                0x08002844                RNG_GetRandomNumber
 .text.RNG_GetFlagStatus
                0x08002850       0x14 ./cmsis/device/stm32f4xx_rng.o
                0x08002850                RNG_GetFlagStatus
 .text.SPI_I2S_DeInit
                0x08002864       0x70 ./cmsis/device/stm32f4xx_spi.o
                0x08002864                SPI_I2S_DeInit
 .text.I2S_Init
                0x080028d4       0xec ./cmsis/device/stm32f4xx_spi.o
                0x080028d4                I2S_Init
 .text.I2S_Cmd  0x080029c0       0x1c ./cmsis/device/stm32f4xx_spi.o
                0x080029c0                I2S_Cmd
 .text.SPI_I2S_SendData
                0x080029dc        0x4 ./cmsis/device/stm32f4xx_spi.o
                0x080029dc                SPI_I2S_SendData
 .text.SPI_I2S_DMACmd
                0x080029e0       0x14 ./cmsis/device/stm32f4xx_spi.o
                0x080029e0                SPI_I2S_DMACmd
 .text.SPI_I2S_ITConfig
                0x080029f4       0x20 ./cmsis/device/stm32f4xx_spi.o
                0x080029f4                SPI_I2S_ITConfig
 .text.SPI_I2S_GetFlagStatus
                0x08002a14        0xc ./cmsis/device/stm32f4xx_spi.o
                0x08002a14                SPI_I2S_GetFlagStatus
 .text.SYSCFG_EXTILineConfig
                0x08002a20       0x38 ./cmsis/device/stm32f4xx_syscfg.o
                0x08002a20                SYSCFG_EXTILineConfig
 .text.TIM_DeInit
                0x08002a58      0x1d4 ./cmsis/device/stm32f4xx_tim.o
                0x08002a58                TIM_DeInit
 .text.TIM_TimeBaseInit
                0x08002c2c       0xb0 ./cmsis/device/stm32f4xx_tim.o
                0x08002c2c                TIM_TimeBaseInit
 .text.TIM_PrescalerConfig
                0x08002cdc        0x8 ./cmsis/device/stm32f4xx_tim.o
                0x08002cdc                TIM_PrescalerConfig
 .text.TIM_SetAutoreload
                0x08002ce4        0x4 ./cmsis/device/stm32f4xx_tim.o
                0x08002ce4                TIM_SetAutoreload
 .text.TIM_UpdateDisableConfig
                0x08002ce8       0x1c ./cmsis/device/stm32f4xx_tim.o
                0x08002ce8                TIM_UpdateDisableConfig
 .text.TIM_UpdateRequestConfig
                0x08002d04       0x1c ./cmsis/device/stm32f4xx_tim.o
                0x08002d04                TIM_UpdateRequestConfig
 .text.TIM_ARRPreloadConfig
                0x08002d20       0x1c ./cmsis/device/stm32f4xx_tim.o
                0x08002d20                TIM_ARRPreloadConfig
 .text.TIM_SelectOnePulseMode
                0x08002d3c       0x18 ./cmsis/device/stm32f4xx_tim.o
                0x08002d3c                TIM_SelectOnePulseMode
 .text.TIM_Cmd  0x08002d54       0x1c ./cmsis/device/stm32f4xx_tim.o
                0x08002d54                TIM_Cmd
 .text.TIM_ITConfig
                0x08002d70       0x14 ./cmsis/device/stm32f4xx_tim.o
                0x08002d70                TIM_ITConfig
 .text.TIM_GetITStatus
                0x08002d84       0x18 ./cmsis/device/stm32f4xx_tim.o
                0x08002d84                TIM_GetITStatus
 .text.TIM_ClearITPendingBit
                0x08002d9c        0x8 ./cmsis/device/stm32f4xx_tim.o
                0x08002d9c                TIM_ClearITPendingBit
 .text.SystemInit
                0x08002da4      0x154 ./cmsis/device/system_stm32f4xx.o
                0x08002da4                SystemInit
 .text          0x08002ef8      0x370 c:/gnutoolsarmembedded/4.7-2012q4/bin/../lib/gcc/arm-none-eabi/4.7.3/armv7e-m/fpu\libgcc.a(_arm_addsubdf3.o)
                0x08002ef8                __aeabi_drsub
                0x08002f00                __aeabi_dsub
                0x08002f00                __subdf3
                0x08002f04                __aeabi_dadd
                0x08002f04                __adddf3
                0x0800317c                __floatunsidf
                0x0800317c                __aeabi_ui2d
                0x0800319c                __floatsidf
                0x0800319c                __aeabi_i2d
                0x080031c0                __aeabi_f2d
                0x080031c0                __extendsfdf2
                0x080031fc                __floatundidf
                0x080031fc                __aeabi_ul2d
                0x0800320c                __floatdidf
                0x0800320c                __aeabi_l2d
 .text          0x08003268      0x110 c:/gnutoolsarmembedded/4.7-2012q4/bin/../lib/gcc/arm-none-eabi/4.7.3/armv7e-m/fpu\libgcc.a(_arm_cmpdf2.o)
                0x08003268                __gtdf2
                0x08003268                __gedf2
                0x08003270                __ltdf2
                0x08003270                __ledf2
                0x08003278                __nedf2
                0x08003278                __eqdf2
                0x08003278                __cmpdf2
                0x080032f4                __aeabi_cdrcmple
                0x08003304                __aeabi_cdcmpeq
                0x08003304                __aeabi_cdcmple
                0x08003314                __aeabi_dcmpeq
                0x08003328                __aeabi_dcmplt
                0x0800333c                __aeabi_dcmple
                0x08003350                __aeabi_dcmpge
                0x08003364                __aeabi_dcmpgt
 .text.memcpy   0x08003378      0x144 C:\GNUToolsARMEmbedded\4.7-2012q4\arm-none-eabi\lib\armv7e-m\fpu\libc.a(lib_a-memcpy.o)
                0x08003378                memcpy
 .text.memset   0x080034bc      0x12c C:\GNUToolsARMEmbedded\4.7-2012q4\arm-none-eabi\lib\armv7e-m\fpu\libc.a(lib_a-memset.o)
                0x080034bc                memset
 .text.lrintf   0x080035e8       0x90 C:\GNUToolsARMEmbedded\4.7-2012q4\arm-none-eabi\lib\armv7e-m\fpu\libm.a(lib_a-sf_lrint.o)
                0x080035e8                lrintf
 .text.sinf     0x08003678       0x78 C:\GNUToolsARMEmbedded\4.7-2012q4\arm-none-eabi\lib\armv7e-m\fpu\libm.a(lib_a-sf_sin.o)
                0x08003678                sinf
 .text.__ieee754_rem_pio2f
                0x080036f0      0x28c C:\GNUToolsARMEmbedded\4.7-2012q4\arm-none-eabi\lib\armv7e-m\fpu\libm.a(lib_a-ef_rem_pio2.o)
                0x080036f0                __ieee754_rem_pio2f
 .text.__kernel_cosf
                0x0800397c      0x104 C:\GNUToolsARMEmbedded\4.7-2012q4\arm-none-eabi\lib\armv7e-m\fpu\libm.a(lib_a-kf_cos.o)
                0x0800397c                __kernel_cosf
 .text.__kernel_rem_pio2f
                0x08003a80      0xa34 C:\GNUToolsARMEmbedded\4.7-2012q4\arm-none-eabi\lib\armv7e-m\fpu\libm.a(lib_a-kf_rem_pio2.o)
                0x08003a80                __kernel_rem_pio2f
 .text.__kernel_sinf
                0x080044b4       0x8c C:\GNUToolsARMEmbedded\4.7-2012q4\arm-none-eabi\lib\armv7e-m\fpu\libm.a(lib_a-kf_sin.o)
                0x080044b4                __kernel_sinf
 .text.fabsf    0x08004540       0x10 C:\GNUToolsARMEmbedded\4.7-2012q4\arm-none-eabi\lib\armv7e-m\fpu\libm.a(lib_a-sf_fabs.o)
                0x08004540                fabsf
 .text.floorf   0x08004550       0x8c C:\GNUToolsARMEmbedded\4.7-2012q4\arm-none-eabi\lib\armv7e-m\fpu\libm.a(lib_a-sf_floor.o)
                0x08004550                floorf
 .text.scalbnf  0x080045dc       0xcc C:\GNUToolsARMEmbedded\4.7-2012q4\arm-none-eabi\lib\armv7e-m\fpu\libm.a(lib_a-sf_scalbn.o)
                0x080045dc                scalbnf
 .text.copysignf
                0x080046a8       0x1c C:\GNUToolsARMEmbedded\4.7-2012q4\arm-none-eabi\lib\armv7e-m\fpu\libm.a(lib_a-sf_copysign.o)
                0x080046a8                copysignf
 *(.glue_7t)
 .glue_7t       0x00000000        0x0 linker stubs
 *(.glue_7)
 .glue_7        0x00000000        0x0 linker stubs
 *(.rodata .rodata* .gnu.linkonce.r.*)
 .rodata.step_dd_table
                0x080046c4     0x9008 ./src/minblep_tables.o
                0x080046c4                step_dd_table
 .rodata.scale1
                0x0800d6cc       0x50 ./src/pitchTables.o
                0x0800d6cc                scale1
 .rodata.scale2
                0x0800d71c       0x60 ./src/pitchTables.o
                0x0800d71c                scale2
 .rodata.scale3
                0x0800d77c       0x24 ./src/pitchTables.o
                0x0800d77c                scale3
 .rodata.scale4
                0x0800d7a0       0x18 ./src/pitchTables.o
                0x0800d7a0                scale4
 .rodata.scale5
                0x0800d7b8       0x54 ./src/pitchTables.o
                0x0800d7b8                scale5
 .rodata.scale6
                0x0800d80c       0x54 ./src/pitchTables.o
                0x0800d80c                scale6
 .rodata.scale7
                0x0800d860       0x18 ./src/pitchTables.o
                0x0800d860                scale7
 .rodata.scale8
                0x0800d878       0x18 ./src/pitchTables.o
                0x0800d878                scale8
 .rodata.seq1   0x0800d890      0x400 ./src/sequences.o
                0x0800d890                seq1
 .rodata.GPIO_CLK
                0x0800dc90       0x10 ./src/stm32f4_discovery.o
                0x0800dc90                GPIO_CLK
 .rodata.GPIO_PIN
                0x0800dca0        0x8 ./src/stm32f4_discovery.o
                0x0800dca0                GPIO_PIN
 .rodata.TWO23  0x0800dca8        0x8 C:\GNUToolsARMEmbedded\4.7-2012q4\arm-none-eabi\lib\armv7e-m\fpu\libm.a(lib_a-sf_lrint.o)
 .rodata.npio2_hw
                0x0800dcb0       0x80 C:\GNUToolsARMEmbedded\4.7-2012q4\arm-none-eabi\lib\armv7e-m\fpu\libm.a(lib_a-ef_rem_pio2.o)
 .rodata.two_over_pi
                0x0800dd30      0x318 C:\GNUToolsARMEmbedded\4.7-2012q4\arm-none-eabi\lib\armv7e-m\fpu\libm.a(lib_a-ef_rem_pio2.o)
 .rodata.init_jk
                0x0800e048        0xc C:\GNUToolsARMEmbedded\4.7-2012q4\arm-none-eabi\lib\armv7e-m\fpu\libm.a(lib_a-kf_rem_pio2.o)
 .rodata.PIo2   0x0800e054       0x2c C:\GNUToolsARMEmbedded\4.7-2012q4\arm-none-eabi\lib\armv7e-m\fpu\libm.a(lib_a-kf_rem_pio2.o)

.vfp11_veneer   0x0800e080        0x0
 .vfp11_veneer  0x00000000        0x0 linker stubs

.v4_bx          0x0800e080        0x0
 .v4_bx         0x00000000        0x0 linker stubs

.iplt           0x0800e080        0x0
 .iplt          0x00000000        0x0 ./cmsis/device/startup_stm32f4xx.o

.rel.dyn        0x0800e080        0x0
 .rel.iplt      0x00000000        0x0 ./cmsis/device/startup_stm32f4xx.o

.ARM.extab
 *(.ARM.extab* .gnu.linkonce.armextab.*)

.ARM.exidx
 *(.ARM.exidx* .gnu.linkonce.armexidx.*)
                0x0800e080                . = ALIGN (0x4)
                0x0800e080                _etext = .
                0x0800e080                _sidata = .

.data           0x20000000       0x88 load address 0x0800e080
                0x20000000                _sdata = .
 *(.data .data.*)
 .data.f1       0x20000000        0x4 ./src/main.o
                0x20000000                f1
 .data.f2       0x20000004        0x4 ./src/main.o
                0x20000004                f2
 .data.delay1   0x20000008        0x2 ./src/main.o
                0x20000008                delay1
 .data.param3   0x2000000a        0x2 ./src/main.o
                0x2000000a                param3
 .data.param4   0x2000000c        0x2 ./src/main.o
                0x2000000c                param4
 .data.reloadValue
                0x2000000e        0x2 ./src/main.o
                0x2000000e                reloadValue
 .data.param2b  0x20000010        0x2 ./src/main.o
                0x20000010                param2b
 .data.param3b  0x20000012        0x2 ./src/main.o
                0x20000012                param3b
 .data.param2   0x20000014        0x2 ./src/main.o
                0x20000014                param2
 *fill*         0x20000016        0x2 00
 .data.coeff_a1
                0x20000018        0x4 ./src/main.o
                0x20000018                coeff_a1
 .data.param1b  0x2000001c        0x2 ./src/main.o
                0x2000001c                param1b
 .data.param4b  0x2000001e        0x2 ./src/main.o
                0x2000001e                param4b
 .data.PrescalerValue
                0x20000020        0x2 ./src/main.o
                0x20000020                PrescalerValue
 *fill*         0x20000022        0x2 00
 .data.seq1Number
                0x20000024        0x4 ./src/main.o
                0x20000024                seq1Number
 .data.envTime  0x20000028        0x4 ./src/main.o
                0x20000028                envTime
 .data.param1   0x2000002c        0x2 ./src/main.o
                0x2000002c                param1
 *fill*         0x2000002e        0x2 00
 .data.pass     0x20000030        0x4 ./src/main.o
                0x20000030                pass
 .data.fdb      0x20000034        0x4 ./src/main.o
                0x20000034                fdb
 .data.GPIO_PORT
                0x20000038       0x10 ./src/stm32f4_discovery.o
                0x20000038                GPIO_PORT
 .data.BUTTON_PORT
                0x20000048        0x4 ./src/stm32f4_discovery.o
                0x20000048                BUTTON_PORT
 .data.AUDIO_MAL_DMA_FLAG_TC
                0x2000004c        0x4 ./src/stm32f4_discovery_audio_codec.o
                0x2000004c                AUDIO_MAL_DMA_FLAG_TC
 .data.AUDIO_MAL_DMA_DREG
                0x20000050        0x4 ./src/stm32f4_discovery_audio_codec.o
                0x20000050                AUDIO_MAL_DMA_DREG
 .data.AUDIO_MAL_DMA_CLOCK
                0x20000054        0x4 ./src/stm32f4_discovery_audio_codec.o
                0x20000054                AUDIO_MAL_DMA_CLOCK
 .data.AUDIO_MAL_DMA_STREAM
                0x20000058        0x4 ./src/stm32f4_discovery_audio_codec.o
                0x20000058                AUDIO_MAL_DMA_STREAM
 .data.AudioRemSize
                0x2000005c        0x4 ./src/stm32f4_discovery_audio_codec.o
                0x2000005c                AudioRemSize
 .data.AudioTotalSize
                0x20000060        0x4 ./src/stm32f4_discovery_audio_codec.o
                0x20000060                AudioTotalSize
 .data.AUDIO_MAL_DMA_IRQ
                0x20000064        0x4 ./src/stm32f4_discovery_audio_codec.o
                0x20000064                AUDIO_MAL_DMA_IRQ
 .data.CurrAudioInterface
                0x20000068        0x4 ./src/stm32f4_discovery_audio_codec.o
                0x20000068                CurrAudioInterface
 .data.AUDIO_MAL_DMA_FLAG_HT
                0x2000006c        0x4 ./src/stm32f4_discovery_audio_codec.o
                0x2000006c                AUDIO_MAL_DMA_FLAG_HT
 .data.CODECTimeout
                0x20000070        0x4 ./src/stm32f4_discovery_audio_codec.o
                0x20000070                CODECTimeout
 .data.APBAHBPrescTable
                0x20000074       0x10 ./cmsis/device/stm32f4xx_rcc.o
 .data.SystemCoreClock
                0x20000084        0x4 ./cmsis/device/system_stm32f4xx.o
                0x20000084                SystemCoreClock
                0x20000088                . = ALIGN (0x4)
                0x20000088                _edata = .

.igot.plt       0x20000088        0x0 load address 0x0800e108
 .igot.plt      0x00000000        0x0 ./cmsis/device/startup_stm32f4xx.o

.bss            0x20000088    0x18270 load address 0x0800e108
                0x20000088                _sbss = .
 *(.bss .bss.*)
 .bss.accroche1
                0x20000088        0x1 ./src/main.o
                0x20000088                accroche1
 .bss.accroche2
                0x20000089        0x1 ./src/main.o
                0x20000089                accroche2
 .bss.accroche3
                0x2000008a        0x1 ./src/main.o
                0x2000008a                accroche3
 .bss.accroche4
                0x2000008b        0x1 ./src/main.o
                0x2000008b                accroche4
 .bss.phase2    0x2000008c        0x4 ./src/main.o
                0x2000008c                phase2
 .bss.swrate    0x20000090        0x4 ./src/phaser2.o
 .bss._lfoInc   0x20000094        0x4 ./src/phaser2.o
 .bss._fb       0x20000098        0x4 ./src/phaser2.o
 .bss._a1       0x2000009c        0x4 ./src/phaser2.o
 .bss.dry       0x200000a0        0x4 ./src/phaser2.o
 .bss.wet       0x200000a4        0x4 ./src/phaser2.o
 .bss._dmin     0x200000a8        0x4 ./src/phaser2.o
 .bss.old       0x200000ac       0x18 ./src/phaser2.o
 .bss._lfoPhase
                0x200000c4        0x4 ./src/phaser2.o
 .bss.f_min     0x200000c8        0x4 ./src/phaser2.o
 .bss.f_max     0x200000cc        0x4 ./src/phaser2.o
 .bss._dmax     0x200000d0        0x4 ./src/phaser2.o
 .bss._zm1      0x200000d4        0x4 ./src/phaser2.o
 .bss.AUDIO_MAL_DMA_CHANNEL
                0x200000d8        0x4 ./src/stm32f4_discovery_audio_codec.o
                0x200000d8                AUDIO_MAL_DMA_CHANNEL
 .bss.OutputDev
                0x200000dc        0x1 ./src/stm32f4_discovery_audio_codec.o
                0x200000dc                OutputDev
 *(COMMON)
 *fill*         0x200000dd        0x3 00
 COMMON         0x200000e0    0x1819c ./src/main.o
                0x200000e0                _j
                0x200000e4                TIM_TimeBaseStructure
                0x200000f0                _z
                0x200000f4                freq
                0x200000f8                _init
                0x200000fc                readpos
                0x20000100                _p
                0x20000104                envTrigger
                0x20000108                audiobuff
                0x20000608                _w
                0x2000060c                phase2Step
                0x20000610                sampleT
                0x20000614                potSet
                0x20000618                delayline
                0x20017d20                GPIO_InitStructure
                0x20017d28                old_dy
                0x20017d2c                envAmp
                0x20017d30                writepos
                0x20017d34                _f
                0x20018254                RCC_Clocks
                0x20018264                envPhase
                0x20018268                ADC1ConvertedValues
                0x20018278                seqIndex
 COMMON         0x2001827c       0x7c ./src/stm32f4_discovery_audio_codec.o
                0x2001827c                CurrentPos
                0x20018280                AUDIO_MAL_DMA_InitStructure
                0x200182bc                DMA_InitStructure
                0x200182f8                . = ALIGN (0x4)
                0x200182f8                _ebss = .

.co_stack       0x200182f8        0x0
                0x200182f8                . = ALIGN (0x8)
 *(.co_stack .co_stack.*)

.ccm_data
 *(.ccmdata)
 *(.ccmdata*)
                0x200182f8                . = ALIGN (0x4)
                0x200182f8                _end = .
OUTPUT(ambiantiseur_flash.elf elf32-littlearm)

.ARM.attributes
                0x00000000       0x37
 .ARM.attributes
                0x00000000       0x21 ./cmsis/device/startup_stm32f4xx.o
 .ARM.attributes
                0x00000021       0x3b ./src/main.o
 .ARM.attributes
                0x0000005c       0x3b ./src/minblep_tables.o
 .ARM.attributes
                0x00000097       0x3b ./src/phaser2.o
 .ARM.attributes
                0x000000d2       0x3b ./src/pitchTables.o
 .ARM.attributes
                0x0000010d       0x3b ./src/sequences.o
 .ARM.attributes
                0x00000148       0x3b ./src/stm32f4_discovery.o
 .ARM.attributes
                0x00000183       0x3b ./src/stm32f4_discovery_audio_codec.o
 .ARM.attributes
                0x000001be       0x3b ./src/stm32f4xx_it.o
 .ARM.attributes
                0x000001f9       0x3b ./src/synth.o
 .ARM.attributes
                0x00000234       0x3b ./cmsis/device/misc.o
 .ARM.attributes
                0x0000026f       0x3b ./cmsis/device/stm32f4xx_adc.o
 .ARM.attributes
                0x000002aa       0x3b ./cmsis/device/stm32f4xx_dac.o
 .ARM.attributes
                0x000002e5       0x3b ./cmsis/device/stm32f4xx_dma.o
 .ARM.attributes
                0x00000320       0x3b ./cmsis/device/stm32f4xx_exti.o
 .ARM.attributes
                0x0000035b       0x3b ./cmsis/device/stm32f4xx_gpio.o
 .ARM.attributes
                0x00000396       0x3b ./cmsis/device/stm32f4xx_i2c.o
 .ARM.attributes
                0x000003d1       0x3b ./cmsis/device/stm32f4xx_rcc.o
 .ARM.attributes
                0x0000040c       0x3b ./cmsis/device/stm32f4xx_rng.o
 .ARM.attributes
                0x00000447       0x3b ./cmsis/device/stm32f4xx_spi.o
 .ARM.attributes
                0x00000482       0x3b ./cmsis/device/stm32f4xx_syscfg.o
 .ARM.attributes
                0x000004bd       0x3b ./cmsis/device/stm32f4xx_tim.o
 .ARM.attributes
                0x000004f8       0x3b ./cmsis/device/system_stm32f4xx.o
 .ARM.attributes
                0x00000533       0x24 c:/gnutoolsarmembedded/4.7-2012q4/bin/../lib/gcc/arm-none-eabi/4.7.3/armv7e-m/fpu\libgcc.a(_arm_addsubdf3.o)
 .ARM.attributes
                0x00000557       0x24 c:/gnutoolsarmembedded/4.7-2012q4/bin/../lib/gcc/arm-none-eabi/4.7.3/armv7e-m/fpu\libgcc.a(_arm_cmpdf2.o)
 .ARM.attributes
                0x0000057b       0x36 C:\GNUToolsARMEmbedded\4.7-2012q4\arm-none-eabi\lib\armv7e-m\fpu\libc.a(lib_a-memcpy.o)
 .ARM.attributes
                0x000005b1       0x36 C:\GNUToolsARMEmbedded\4.7-2012q4\arm-none-eabi\lib\armv7e-m\fpu\libc.a(lib_a-memset.o)
 .ARM.attributes
                0x000005e7       0x36 C:\GNUToolsARMEmbedded\4.7-2012q4\arm-none-eabi\lib\armv7e-m\fpu\libm.a(lib_a-sf_lrint.o)
 .ARM.attributes
                0x0000061d       0x36 C:\GNUToolsARMEmbedded\4.7-2012q4\arm-none-eabi\lib\armv7e-m\fpu\libm.a(lib_a-sf_sin.o)
 .ARM.attributes
                0x00000653       0x36 C:\GNUToolsARMEmbedded\4.7-2012q4\arm-none-eabi\lib\armv7e-m\fpu\libm.a(lib_a-ef_rem_pio2.o)
 .ARM.attributes
                0x00000689       0x36 C:\GNUToolsARMEmbedded\4.7-2012q4\arm-none-eabi\lib\armv7e-m\fpu\libm.a(lib_a-kf_cos.o)
 .ARM.attributes
                0x000006bf       0x36 C:\GNUToolsARMEmbedded\4.7-2012q4\arm-none-eabi\lib\armv7e-m\fpu\libm.a(lib_a-kf_rem_pio2.o)
 .ARM.attributes
                0x000006f5       0x36 C:\GNUToolsARMEmbedded\4.7-2012q4\arm-none-eabi\lib\armv7e-m\fpu\libm.a(lib_a-kf_sin.o)
 .ARM.attributes
                0x0000072b       0x36 C:\GNUToolsARMEmbedded\4.7-2012q4\arm-none-eabi\lib\armv7e-m\fpu\libm.a(lib_a-sf_fabs.o)
 .ARM.attributes
                0x00000761       0x36 C:\GNUToolsARMEmbedded\4.7-2012q4\arm-none-eabi\lib\armv7e-m\fpu\libm.a(lib_a-sf_floor.o)
 .ARM.attributes
                0x00000797       0x36 C:\GNUToolsARMEmbedded\4.7-2012q4\arm-none-eabi\lib\armv7e-m\fpu\libm.a(lib_a-sf_scalbn.o)
 .ARM.attributes
                0x000007cd       0x36 C:\GNUToolsARMEmbedded\4.7-2012q4\arm-none-eabi\lib\armv7e-m\fpu\libm.a(lib_a-sf_copysign.o)

.comment        0x00000000       0x70
 .comment       0x00000000       0x70 ./src/main.o
                                 0x71 (size before relaxing)
 .comment       0x00000000       0x71 ./src/minblep_tables.o
 .comment       0x00000000       0x71 ./src/phaser2.o
 .comment       0x00000000       0x71 ./src/pitchTables.o
 .comment       0x00000000       0x71 ./src/sequences.o
 .comment       0x00000000       0x71 ./src/stm32f4_discovery.o
 .comment       0x00000000       0x71 ./src/stm32f4_discovery_audio_codec.o
 .comment       0x00000000       0x71 ./src/stm32f4xx_it.o
 .comment       0x00000000       0x71 ./src/synth.o
 .comment       0x00000000       0x71 ./cmsis/device/misc.o
 .comment       0x00000000       0x71 ./cmsis/device/stm32f4xx_adc.o
 .comment       0x00000000       0x71 ./cmsis/device/stm32f4xx_dac.o
 .comment       0x00000000       0x71 ./cmsis/device/stm32f4xx_dma.o
 .comment       0x00000000       0x71 ./cmsis/device/stm32f4xx_exti.o
 .comment       0x00000000       0x71 ./cmsis/device/stm32f4xx_gpio.o
 .comment       0x00000000       0x71 ./cmsis/device/stm32f4xx_i2c.o
 .comment       0x00000000       0x71 ./cmsis/device/stm32f4xx_rcc.o
 .comment       0x00000000       0x71 ./cmsis/device/stm32f4xx_rng.o
 .comment       0x00000000       0x71 ./cmsis/device/stm32f4xx_spi.o
 .comment       0x00000000       0x71 ./cmsis/device/stm32f4xx_syscfg.o
 .comment       0x00000000       0x71 ./cmsis/device/stm32f4xx_tim.o
 .comment       0x00000000       0x71 ./cmsis/device/system_stm32f4xx.o

.debug_line     0x00000000     0x422d
 .debug_line    0x00000000       0x7c ./cmsis/device/startup_stm32f4xx.o
 .debug_line    0x0000007c      0x357 ./src/main.o
 .debug_line    0x000003d3       0x4f ./src/minblep_tables.o
 .debug_line    0x00000422      0x1af ./src/phaser2.o
 .debug_line    0x000005d1       0xc0 ./src/pitchTables.o
 .debug_line    0x00000691       0xbe ./src/sequences.o
 .debug_line    0x0000074f      0x1fb ./src/stm32f4_discovery.o
 .debug_line    0x0000094a      0x689 ./src/stm32f4_discovery_audio_codec.o
 .debug_line    0x00000fd3      0x2e5 ./src/stm32f4xx_it.o
 .debug_line    0x000012b8      0x258 ./src/synth.o
 .debug_line    0x00001510      0x15d ./cmsis/device/misc.o
 .debug_line    0x0000166d      0x4c2 ./cmsis/device/stm32f4xx_adc.o
 .debug_line    0x00001b2f      0x29e ./cmsis/device/stm32f4xx_dac.o
 .debug_line    0x00001dcd      0x34d ./cmsis/device/stm32f4xx_dma.o
 .debug_line    0x0000211a      0x1bc ./cmsis/device/stm32f4xx_exti.o
 .debug_line    0x000022d6      0x2de ./cmsis/device/stm32f4xx_gpio.o
 .debug_line    0x000025b4      0x444 ./cmsis/device/stm32f4xx_i2c.o
 .debug_line    0x000029f8      0x4a5 ./cmsis/device/stm32f4xx_rcc.o
 .debug_line    0x00002e9d      0x194 ./cmsis/device/stm32f4xx_rng.o
 .debug_line    0x00003031      0x3cc ./cmsis/device/stm32f4xx_spi.o
 .debug_line    0x000033fd      0x175 ./cmsis/device/stm32f4xx_syscfg.o
 .debug_line    0x00003572      0xb58 ./cmsis/device/stm32f4xx_tim.o
 .debug_line    0x000040ca      0x163 ./cmsis/device/system_stm32f4xx.o

.debug_info     0x00000000     0xe9a3
 .debug_info    0x00000000       0x6a ./cmsis/device/startup_stm32f4xx.o
 .debug_info    0x0000006a     0x1df8 ./src/main.o
 .debug_info    0x00001e62       0x84 ./src/minblep_tables.o
 .debug_info    0x00001ee6      0x34d ./src/phaser2.o
 .debug_info    0x00002233      0x1ef ./src/pitchTables.o
 .debug_info    0x00002422       0xdd ./src/sequences.o
 .debug_info    0x000024ff      0xa5e ./src/stm32f4_discovery.o
 .debug_info    0x00002f5d     0x23cc ./src/stm32f4_discovery_audio_codec.o
 .debug_info    0x00005329      0x9ce ./src/stm32f4xx_it.o
 .debug_info    0x00005cf7      0x5b5 ./src/synth.o
 .debug_info    0x000062ac      0x598 ./cmsis/device/misc.o
 .debug_info    0x00006844      0xd69 ./cmsis/device/stm32f4xx_adc.o
 .debug_info    0x000075ad      0x6ed ./cmsis/device/stm32f4xx_dac.o
 .debug_info    0x00007c9a      0x7b5 ./cmsis/device/stm32f4xx_dma.o
 .debug_info    0x0000844f      0x375 ./cmsis/device/stm32f4xx_exti.o
 .debug_info    0x000087c4      0x81f ./cmsis/device/stm32f4xx_gpio.o
 .debug_info    0x00008fe3      0xc8f ./cmsis/device/stm32f4xx_i2c.o
 .debug_info    0x00009c72      0xdda ./cmsis/device/stm32f4xx_rcc.o
 .debug_info    0x0000aa4c      0x2e1 ./cmsis/device/stm32f4xx_rng.o
 .debug_info    0x0000ad2d      0xca6 ./cmsis/device/stm32f4xx_spi.o
 .debug_info    0x0000b9d3      0x2c6 ./cmsis/device/stm32f4xx_syscfg.o
 .debug_info    0x0000bc99     0x26f2 ./cmsis/device/stm32f4xx_tim.o
 .debug_info    0x0000e38b      0x618 ./cmsis/device/system_stm32f4xx.o

.debug_abbrev   0x00000000     0x299e
 .debug_abbrev  0x00000000       0x12 ./cmsis/device/startup_stm32f4xx.o
 .debug_abbrev  0x00000012      0x390 ./src/main.o
 .debug_abbrev  0x000003a2       0x6e ./src/minblep_tables.o
 .debug_abbrev  0x00000410      0x1c8 ./src/phaser2.o
 .debug_abbrev  0x000005d8       0x75 ./src/pitchTables.o
 .debug_abbrev  0x0000064d       0x75 ./src/sequences.o
 .debug_abbrev  0x000006c2      0x1eb ./src/stm32f4_discovery.o
 .debug_abbrev  0x000008ad      0x39a ./src/stm32f4_discovery_audio_codec.o
 .debug_abbrev  0x00000c47      0x227 ./src/stm32f4xx_it.o
 .debug_abbrev  0x00000e6e      0x1fa ./src/synth.o
 .debug_abbrev  0x00001068      0x154 ./cmsis/device/misc.o
 .debug_abbrev  0x000011bc      0x215 ./cmsis/device/stm32f4xx_adc.o
 .debug_abbrev  0x000013d1      0x215 ./cmsis/device/stm32f4xx_dac.o
 .debug_abbrev  0x000015e6      0x1ad ./cmsis/device/stm32f4xx_dma.o
 .debug_abbrev  0x00001793      0x1e1 ./cmsis/device/stm32f4xx_exti.o
 .debug_abbrev  0x00001974      0x22e ./cmsis/device/stm32f4xx_gpio.o
 .debug_abbrev  0x00001ba2      0x1fe ./cmsis/device/stm32f4xx_i2c.o
 .debug_abbrev  0x00001da0      0x2b8 ./cmsis/device/stm32f4xx_rcc.o
 .debug_abbrev  0x00002058      0x189 ./cmsis/device/stm32f4xx_rng.o
 .debug_abbrev  0x000021e1      0x21f ./cmsis/device/stm32f4xx_spi.o
 .debug_abbrev  0x00002400      0x185 ./cmsis/device/stm32f4xx_syscfg.o
 .debug_abbrev  0x00002585      0x2b8 ./cmsis/device/stm32f4xx_tim.o
 .debug_abbrev  0x0000283d      0x161 ./cmsis/device/system_stm32f4xx.o

.debug_aranges  0x00000000      0xd88
 .debug_aranges
                0x00000000       0x28 ./cmsis/device/startup_stm32f4xx.o
 .debug_aranges
                0x00000028       0x68 ./src/main.o
 .debug_aranges
                0x00000090       0x18 ./src/minblep_tables.o
 .debug_aranges
                0x000000a8       0x40 ./src/phaser2.o
 .debug_aranges
                0x000000e8       0x18 ./src/pitchTables.o
 .debug_aranges
                0x00000100       0x18 ./src/sequences.o
 .debug_aranges
                0x00000118       0x48 ./src/stm32f4_discovery.o
 .debug_aranges
                0x00000160       0xa8 ./src/stm32f4_discovery_audio_codec.o
 .debug_aranges
                0x00000208       0x78 ./src/stm32f4xx_it.o
 .debug_aranges
                0x00000280       0x38 ./src/synth.o
 .debug_aranges
                0x000002b8       0x40 ./cmsis/device/misc.o
 .debug_aranges
                0x000002f8      0x148 ./cmsis/device/stm32f4xx_adc.o
 .debug_aranges
                0x00000440       0xa0 ./cmsis/device/stm32f4xx_dac.o
 .debug_aranges
                0x000004e0       0xb0 ./cmsis/device/stm32f4xx_dma.o
 .debug_aranges
                0x00000590       0x58 ./cmsis/device/stm32f4xx_exti.o
 .debug_aranges
                0x000005e8       0x88 ./cmsis/device/stm32f4xx_gpio.o
 .debug_aranges
                0x00000670      0x120 ./cmsis/device/stm32f4xx_i2c.o
 .debug_aranges
                0x00000790      0x178 ./cmsis/device/stm32f4xx_rcc.o
 .debug_aranges
                0x00000908       0x58 ./cmsis/device/stm32f4xx_rng.o
 .debug_aranges
                0x00000960       0xe0 ./cmsis/device/stm32f4xx_spi.o
 .debug_aranges
                0x00000a40       0x48 ./cmsis/device/stm32f4xx_syscfg.o
 .debug_aranges
                0x00000a88      0x2d8 ./cmsis/device/stm32f4xx_tim.o
 .debug_aranges
                0x00000d60       0x28 ./cmsis/device/system_stm32f4xx.o

.debug_ranges   0x00000000     0x11d0
 .debug_ranges  0x00000000       0x20 ./cmsis/device/startup_stm32f4xx.o
 .debug_ranges  0x00000020       0x90 ./src/main.o
 .debug_ranges  0x000000b0       0xe0 ./src/phaser2.o
 .debug_ranges  0x00000190       0x38 ./src/stm32f4_discovery.o
 .debug_ranges  0x000001c8      0x418 ./src/stm32f4_discovery_audio_codec.o
 .debug_ranges  0x000005e0       0x68 ./src/stm32f4xx_it.o
 .debug_ranges  0x00000648       0x28 ./src/synth.o
 .debug_ranges  0x00000670       0x30 ./cmsis/device/misc.o
 .debug_ranges  0x000006a0      0x138 ./cmsis/device/stm32f4xx_adc.o
 .debug_ranges  0x000007d8       0x90 ./cmsis/device/stm32f4xx_dac.o
 .debug_ranges  0x00000868       0xa0 ./cmsis/device/stm32f4xx_dma.o
 .debug_ranges  0x00000908       0x48 ./cmsis/device/stm32f4xx_exti.o
 .debug_ranges  0x00000950       0x78 ./cmsis/device/stm32f4xx_gpio.o
 .debug_ranges  0x000009c8      0x110 ./cmsis/device/stm32f4xx_i2c.o
 .debug_ranges  0x00000ad8      0x198 ./cmsis/device/stm32f4xx_rcc.o
 .debug_ranges  0x00000c70       0x48 ./cmsis/device/stm32f4xx_rng.o
 .debug_ranges  0x00000cb8       0xd0 ./cmsis/device/stm32f4xx_spi.o
 .debug_ranges  0x00000d88       0x38 ./cmsis/device/stm32f4xx_syscfg.o
 .debug_ranges  0x00000dc0      0x3c8 ./cmsis/device/stm32f4xx_tim.o
 .debug_ranges  0x00001188       0x48 ./cmsis/device/system_stm32f4xx.o

.debug_loc      0x00000000     0x8670
 .debug_loc     0x00000000      0x1b9 ./src/main.o
 .debug_loc     0x000001b9      0x56d ./src/phaser2.o
 .debug_loc     0x00000726      0x15f ./src/stm32f4_discovery.o
 .debug_loc     0x00000885      0x96c ./src/stm32f4_discovery_audio_codec.o
 .debug_loc     0x000011f1      0x171 ./src/stm32f4xx_it.o
 .debug_loc     0x00001362      0x4ef ./src/synth.o
 .debug_loc     0x00001851      0x1ac ./cmsis/device/misc.o
 .debug_loc     0x000019fd      0xdab ./cmsis/device/stm32f4xx_adc.o
 .debug_loc     0x000027a8      0x5ff ./cmsis/device/stm32f4xx_dac.o
 .debug_loc     0x00002da7      0x6f9 ./cmsis/device/stm32f4xx_dma.o
 .debug_loc     0x000034a0      0x267 ./cmsis/device/stm32f4xx_exti.o
 .debug_loc     0x00003707      0x439 ./cmsis/device/stm32f4xx_gpio.o
 .debug_loc     0x00003b40      0xbf9 ./cmsis/device/stm32f4xx_i2c.o
 .debug_loc     0x00004739      0xbec ./cmsis/device/stm32f4xx_rcc.o
 .debug_loc     0x00005325      0x17a ./cmsis/device/stm32f4xx_rng.o
 .debug_loc     0x0000549f      0x87b ./cmsis/device/stm32f4xx_spi.o
 .debug_loc     0x00005d1a       0xe6 ./cmsis/device/stm32f4xx_syscfg.o
 .debug_loc     0x00005e00     0x26ee ./cmsis/device/stm32f4xx_tim.o
 .debug_loc     0x000084ee      0x182 ./cmsis/device/system_stm32f4xx.o

.debug_str      0x00000000     0x3f4b
 .debug_str     0x00000000     0x12a3 ./src/main.o
                               0x1336 (size before relaxing)
 .debug_str     0x000012a3       0x3b ./src/minblep_tables.o
                                 0xbe (size before relaxing)
 .debug_str     0x000012de       0x7e ./src/phaser2.o
                                0x1bc (size before relaxing)
 .debug_str     0x0000135c       0x5d ./src/pitchTables.o
                                0x194 (size before relaxing)
 .debug_str     0x000013b9       0x15 ./src/sequences.o
                                0x14b (size before relaxing)
 .debug_str     0x000013ce      0x207 ./src/stm32f4_discovery.o
                                0xb5f (size before relaxing)
 .debug_str     0x000015d5      0x76e ./src/stm32f4_discovery_audio_codec.o
                               0x12c0 (size before relaxing)
 .debug_str     0x00001d43      0x118 ./src/stm32f4xx_it.o
                                0x4f1 (size before relaxing)
 .debug_str     0x00001e5b       0x67 ./src/synth.o
                                0x290 (size before relaxing)
 .debug_str     0x00001ec2       0xdf ./cmsis/device/misc.o
                                0x375 (size before relaxing)
 .debug_str     0x00001fa1      0x455 ./cmsis/device/stm32f4xx_adc.o
                                0x7b7 (size before relaxing)
 .debug_str     0x000023f6      0x1e8 ./cmsis/device/stm32f4xx_dac.o
                                0x406 (size before relaxing)
 .debug_str     0x000025de      0x1f2 ./cmsis/device/stm32f4xx_dma.o
                                0x4e8 (size before relaxing)
 .debug_str     0x000027d0       0xca ./cmsis/device/stm32f4xx_exti.o
                                0x30a (size before relaxing)
 .debug_str     0x0000289a      0x121 ./cmsis/device/stm32f4xx_gpio.o
                                0x466 (size before relaxing)
 .debug_str     0x000029bb      0x271 ./cmsis/device/stm32f4xx_i2c.o
                                0x62a (size before relaxing)
 .debug_str     0x00002c2c      0x4df ./cmsis/device/stm32f4xx_rcc.o
                                0x7ec (size before relaxing)
 .debug_str     0x0000310b       0x85 ./cmsis/device/stm32f4xx_rng.o
                                0x237 (size before relaxing)
 .debug_str     0x00003190      0x28b ./cmsis/device/stm32f4xx_spi.o
                                0x654 (size before relaxing)
 .debug_str     0x0000341b      0x121 ./cmsis/device/stm32f4xx_syscfg.o
                                0x2b2 (size before relaxing)
 .debug_str     0x0000353c      0x981 ./cmsis/device/stm32f4xx_tim.o
                                0xd9a (size before relaxing)
 .debug_str     0x00003ebd       0x8e ./cmsis/device/system_stm32f4xx.o
                                0x34c (size before relaxing)

.debug_frame    0x00000000     0x1e90
 .debug_frame   0x00000000       0xfc ./src/main.o
 .debug_frame   0x000000fc       0x8c ./src/phaser2.o
 .debug_frame   0x00000188       0x9c ./src/stm32f4_discovery.o
 .debug_frame   0x00000224      0x218 ./src/stm32f4_discovery_audio_codec.o
 .debug_frame   0x0000043c      0x108 ./src/stm32f4xx_it.o
 .debug_frame   0x00000544       0xb0 ./src/synth.o
 .debug_frame   0x000005f4       0x6c ./cmsis/device/misc.o
 .debug_frame   0x00000660      0x2b8 ./cmsis/device/stm32f4xx_adc.o
 .debug_frame   0x00000918      0x144 ./cmsis/device/stm32f4xx_dac.o
 .debug_frame   0x00000a5c      0x184 ./cmsis/device/stm32f4xx_dma.o
 .debug_frame   0x00000be0       0x9c ./cmsis/device/stm32f4xx_exti.o
 .debug_frame   0x00000c7c      0x12c ./cmsis/device/stm32f4xx_gpio.o
 .debug_frame   0x00000da8      0x24c ./cmsis/device/stm32f4xx_i2c.o
 .debug_frame   0x00000ff4      0x2e8 ./cmsis/device/stm32f4xx_rcc.o
 .debug_frame   0x000012dc       0x9c ./cmsis/device/stm32f4xx_rng.o
 .debug_frame   0x00001378      0x1f0 ./cmsis/device/stm32f4xx_spi.o
 .debug_frame   0x00001568       0x88 ./cmsis/device/stm32f4xx_syscfg.o
 .debug_frame   0x000015f0      0x678 ./cmsis/device/stm32f4xx_tim.o
 .debug_frame   0x00001c68       0x34 ./cmsis/device/system_stm32f4xx.o
 .debug_frame   0x00001c9c       0x30 C:\GNUToolsARMEmbedded\4.7-2012q4\arm-none-eabi\lib\armv7e-m\fpu\libc.a(lib_a-memcpy.o)
 .debug_frame   0x00001ccc       0x2c C:\GNUToolsARMEmbedded\4.7-2012q4\arm-none-eabi\lib\armv7e-m\fpu\libc.a(lib_a-memset.o)
 .debug_frame   0x00001cf8       0x28 C:\GNUToolsARMEmbedded\4.7-2012q4\arm-none-eabi\lib\armv7e-m\fpu\libm.a(lib_a-sf_lrint.o)
 .debug_frame   0x00001d20       0x28 C:\GNUToolsARMEmbedded\4.7-2012q4\arm-none-eabi\lib\armv7e-m\fpu\libm.a(lib_a-sf_sin.o)
 .debug_frame   0x00001d48       0x30 C:\GNUToolsARMEmbedded\4.7-2012q4\arm-none-eabi\lib\armv7e-m\fpu\libm.a(lib_a-ef_rem_pio2.o)
 .debug_frame   0x00001d78       0x20 C:\GNUToolsARMEmbedded\4.7-2012q4\arm-none-eabi\lib\armv7e-m\fpu\libm.a(lib_a-kf_cos.o)
 .debug_frame   0x00001d98       0x48 C:\GNUToolsARMEmbedded\4.7-2012q4\arm-none-eabi\lib\armv7e-m\fpu\libm.a(lib_a-kf_rem_pio2.o)
 .debug_frame   0x00001de0       0x20 C:\GNUToolsARMEmbedded\4.7-2012q4\arm-none-eabi\lib\armv7e-m\fpu\libm.a(lib_a-kf_sin.o)
 .debug_frame   0x00001e00       0x20 C:\GNUToolsARMEmbedded\4.7-2012q4\arm-none-eabi\lib\armv7e-m\fpu\libm.a(lib_a-sf_fabs.o)
 .debug_frame   0x00001e20       0x20 C:\GNUToolsARMEmbedded\4.7-2012q4\arm-none-eabi\lib\armv7e-m\fpu\libm.a(lib_a-sf_floor.o)
 .debug_frame   0x00001e40       0x30 C:\GNUToolsARMEmbedded\4.7-2012q4\arm-none-eabi\lib\armv7e-m\fpu\libm.a(lib_a-sf_scalbn.o)
 .debug_frame   0x00001e70       0x20 C:\GNUToolsARMEmbedded\4.7-2012q4\arm-none-eabi\lib\armv7e-m\fpu\libm.a(lib_a-sf_copysign.o)

Cross Reference Table

Symbol                                            File
ADC1ConvertedValues                               ./src/stm32f4xx_it.o
                                                  ./src/main.o
ADC1_start                                        ./src/main.o
ADC_AnalogWatchdogCmd                             ./cmsis/device/stm32f4xx_adc.o
ADC_AnalogWatchdogSingleChannelConfig             ./cmsis/device/stm32f4xx_adc.o
ADC_AnalogWatchdogThresholdsConfig                ./cmsis/device/stm32f4xx_adc.o
ADC_AutoInjectedConvCmd                           ./cmsis/device/stm32f4xx_adc.o
ADC_ClearFlag                                     ./cmsis/device/stm32f4xx_adc.o
ADC_ClearITPendingBit                             ./cmsis/device/stm32f4xx_adc.o
ADC_Cmd                                           ./cmsis/device/stm32f4xx_adc.o
                                                  ./src/main.o
ADC_CommonInit                                    ./cmsis/device/stm32f4xx_adc.o
                                                  ./src/main.o
ADC_CommonStructInit                              ./cmsis/device/stm32f4xx_adc.o
ADC_ContinuousModeCmd                             ./cmsis/device/stm32f4xx_adc.o
                                                  ./src/main.o
ADC_DMACmd                                        ./cmsis/device/stm32f4xx_adc.o
                                                  ./src/main.o
ADC_DMARequestAfterLastTransferCmd                ./cmsis/device/stm32f4xx_adc.o
                                                  ./src/main.o
ADC_DeInit                                        ./cmsis/device/stm32f4xx_adc.o
                                                  ./src/main.o
ADC_DiscModeChannelCountConfig                    ./cmsis/device/stm32f4xx_adc.o
ADC_DiscModeCmd                                   ./cmsis/device/stm32f4xx_adc.o
ADC_EOCOnEachRegularChannelCmd                    ./cmsis/device/stm32f4xx_adc.o
ADC_ExternalTrigInjectedConvConfig                ./cmsis/device/stm32f4xx_adc.o
ADC_ExternalTrigInjectedConvEdgeConfig            ./cmsis/device/stm32f4xx_adc.o
ADC_GetConversionValue                            ./cmsis/device/stm32f4xx_adc.o
ADC_GetFlagStatus                                 ./cmsis/device/stm32f4xx_adc.o
ADC_GetITStatus                                   ./cmsis/device/stm32f4xx_adc.o
ADC_GetInjectedConversionValue                    ./cmsis/device/stm32f4xx_adc.o
ADC_GetMultiModeConversionValue                   ./cmsis/device/stm32f4xx_adc.o
ADC_GetSoftwareStartConvStatus                    ./cmsis/device/stm32f4xx_adc.o
ADC_GetSoftwareStartInjectedConvCmdStatus         ./cmsis/device/stm32f4xx_adc.o
ADC_IRQHandler                                    ./cmsis/device/startup_stm32f4xx.o
ADC_ITConfig                                      ./cmsis/device/stm32f4xx_adc.o
ADC_Init                                          ./cmsis/device/stm32f4xx_adc.o
                                                  ./src/main.o
ADC_InjectedChannelConfig                         ./cmsis/device/stm32f4xx_adc.o
ADC_InjectedDiscModeCmd                           ./cmsis/device/stm32f4xx_adc.o
ADC_InjectedSequencerLengthConfig                 ./cmsis/device/stm32f4xx_adc.o
ADC_MultiModeDMARequestAfterLastTransferCmd       ./cmsis/device/stm32f4xx_adc.o
ADC_RegularChannelConfig                          ./cmsis/device/stm32f4xx_adc.o
                                                  ./src/main.o
ADC_SetInjectedOffset                             ./cmsis/device/stm32f4xx_adc.o
ADC_SoftwareStartConv                             ./cmsis/device/stm32f4xx_adc.o
                                                  ./src/main.o
ADC_SoftwareStartInjectedConv                     ./cmsis/device/stm32f4xx_adc.o
ADC_StructInit                                    ./cmsis/device/stm32f4xx_adc.o
ADC_TempSensorVrefintCmd                          ./cmsis/device/stm32f4xx_adc.o
ADC_VBATCmd                                       ./cmsis/device/stm32f4xx_adc.o
AHBPrescTable                                     ./cmsis/device/system_stm32f4xx.o
AUDIO_MAL_DMA_CHANNEL                             ./src/stm32f4_discovery_audio_codec.o
AUDIO_MAL_DMA_CLOCK                               ./src/stm32f4_discovery_audio_codec.o
AUDIO_MAL_DMA_DREG                                ./src/stm32f4_discovery_audio_codec.o
AUDIO_MAL_DMA_FLAG_DME                            ./src/stm32f4_discovery_audio_codec.o
AUDIO_MAL_DMA_FLAG_FE                             ./src/stm32f4_discovery_audio_codec.o
AUDIO_MAL_DMA_FLAG_HT                             ./src/stm32f4_discovery_audio_codec.o
AUDIO_MAL_DMA_FLAG_TC                             ./src/stm32f4_discovery_audio_codec.o
AUDIO_MAL_DMA_FLAG_TE                             ./src/stm32f4_discovery_audio_codec.o
AUDIO_MAL_DMA_IRQ                                 ./src/stm32f4_discovery_audio_codec.o
AUDIO_MAL_DMA_InitStructure                       ./src/stm32f4_discovery_audio_codec.o
AUDIO_MAL_DMA_STREAM                              ./src/stm32f4_discovery_audio_codec.o
AudioRemSize                                      ./src/stm32f4_discovery_audio_codec.o
AudioTotalSize                                    ./src/stm32f4_discovery_audio_codec.o
Audio_MAL_Play                                    ./src/stm32f4_discovery_audio_codec.o
BUTTON_CLK                                        ./src/stm32f4_discovery.o
BUTTON_EXTI_LINE                                  ./src/stm32f4_discovery.o
BUTTON_IRQn                                       ./src/stm32f4_discovery.o
BUTTON_PIN                                        ./src/stm32f4_discovery.o
BUTTON_PIN_SOURCE                                 ./src/stm32f4_discovery.o
BUTTON_PORT                                       ./src/stm32f4_discovery.o
BUTTON_PORT_SOURCE                                ./src/stm32f4_discovery.o
BusFault_Handler                                  ./src/stm32f4xx_it.o
                                                  ./cmsis/device/startup_stm32f4xx.o
CAN1_RX0_IRQHandler                               ./cmsis/device/startup_stm32f4xx.o
CAN1_RX1_IRQHandler                               ./cmsis/device/startup_stm32f4xx.o
CAN1_SCE_IRQHandler                               ./cmsis/device/startup_stm32f4xx.o
CAN1_TX_IRQHandler                                ./cmsis/device/startup_stm32f4xx.o
CAN2_RX0_IRQHandler                               ./cmsis/device/startup_stm32f4xx.o
CAN2_RX1_IRQHandler                               ./cmsis/device/startup_stm32f4xx.o
CAN2_SCE_IRQHandler                               ./cmsis/device/startup_stm32f4xx.o
CAN2_TX_IRQHandler                                ./cmsis/device/startup_stm32f4xx.o
CODECTimeout                                      ./src/stm32f4_discovery_audio_codec.o
CRYP_IRQHandler                                   ./cmsis/device/startup_stm32f4xx.o
Codec_TIMEOUT_UserCallback                        ./src/main.o
                                                  ./src/stm32f4_discovery_audio_codec.o
CurrAudioInterface                                ./src/stm32f4_discovery_audio_codec.o
CurrentPos                                        ./src/stm32f4_discovery_audio_codec.o
DAC_ClearFlag                                     ./cmsis/device/stm32f4xx_dac.o
DAC_ClearITPendingBit                             ./cmsis/device/stm32f4xx_dac.o
DAC_Cmd                                           ./cmsis/device/stm32f4xx_dac.o
                                                  ./src/stm32f4_discovery_audio_codec.o
DAC_Config                                        ./src/stm32f4_discovery_audio_codec.o
DAC_DMACmd                                        ./cmsis/device/stm32f4xx_dac.o
DAC_DeInit                                        ./cmsis/device/stm32f4xx_dac.o
DAC_DualSoftwareTriggerCmd                        ./cmsis/device/stm32f4xx_dac.o
DAC_GetDataOutputValue                            ./cmsis/device/stm32f4xx_dac.o
DAC_GetFlagStatus                                 ./cmsis/device/stm32f4xx_dac.o
DAC_GetITStatus                                   ./cmsis/device/stm32f4xx_dac.o
DAC_ITConfig                                      ./cmsis/device/stm32f4xx_dac.o
DAC_Init                                          ./cmsis/device/stm32f4xx_dac.o
                                                  ./src/stm32f4_discovery_audio_codec.o
DAC_SetChannel1Data                               ./cmsis/device/stm32f4xx_dac.o
                                                  ./src/stm32f4_discovery_audio_codec.o
DAC_SetChannel2Data                               ./cmsis/device/stm32f4xx_dac.o
DAC_SetDualChannelData                            ./cmsis/device/stm32f4xx_dac.o
DAC_SoftwareTriggerCmd                            ./cmsis/device/stm32f4xx_dac.o
DAC_StructInit                                    ./cmsis/device/stm32f4xx_dac.o
DAC_WaveGenerationCmd                             ./cmsis/device/stm32f4xx_dac.o
DCMI_IRQHandler                                   ./cmsis/device/startup_stm32f4xx.o
DMA1_Stream0_IRQHandler                           ./src/stm32f4_discovery_audio_codec.o
                                                  ./cmsis/device/startup_stm32f4xx.o
DMA1_Stream1_IRQHandler                           ./cmsis/device/startup_stm32f4xx.o
DMA1_Stream2_IRQHandler                           ./cmsis/device/startup_stm32f4xx.o
DMA1_Stream3_IRQHandler                           ./cmsis/device/startup_stm32f4xx.o
DMA1_Stream4_IRQHandler                           ./cmsis/device/startup_stm32f4xx.o
DMA1_Stream5_IRQHandler                           ./cmsis/device/startup_stm32f4xx.o
DMA1_Stream6_IRQHandler                           ./cmsis/device/startup_stm32f4xx.o
DMA1_Stream7_IRQHandler                           ./src/stm32f4_discovery_audio_codec.o
                                                  ./cmsis/device/startup_stm32f4xx.o
DMA2_Stream0_IRQHandler                           ./cmsis/device/startup_stm32f4xx.o
DMA2_Stream1_IRQHandler                           ./cmsis/device/startup_stm32f4xx.o
DMA2_Stream2_IRQHandler                           ./cmsis/device/startup_stm32f4xx.o
DMA2_Stream3_IRQHandler                           ./cmsis/device/startup_stm32f4xx.o
DMA2_Stream4_IRQHandler                           ./cmsis/device/startup_stm32f4xx.o
DMA2_Stream5_IRQHandler                           ./cmsis/device/startup_stm32f4xx.o
DMA2_Stream6_IRQHandler                           ./cmsis/device/startup_stm32f4xx.o
DMA2_Stream7_IRQHandler                           ./cmsis/device/startup_stm32f4xx.o
DMA_ClearFlag                                     ./cmsis/device/stm32f4xx_dma.o
                                                  ./src/stm32f4_discovery_audio_codec.o
DMA_ClearITPendingBit                             ./cmsis/device/stm32f4xx_dma.o
DMA_Cmd                                           ./cmsis/device/stm32f4xx_dma.o
                                                  ./src/stm32f4_discovery_audio_codec.o
                                                  ./src/main.o
DMA_DeInit                                        ./cmsis/device/stm32f4xx_dma.o
                                                  ./src/stm32f4_discovery_audio_codec.o
DMA_DoubleBufferModeCmd                           ./cmsis/device/stm32f4xx_dma.o
DMA_DoubleBufferModeConfig                        ./cmsis/device/stm32f4xx_dma.o
DMA_FlowControllerConfig                          ./cmsis/device/stm32f4xx_dma.o
DMA_GetCmdStatus                                  ./cmsis/device/stm32f4xx_dma.o
DMA_GetCurrDataCounter                            ./cmsis/device/stm32f4xx_dma.o
DMA_GetCurrentMemoryTarget                        ./cmsis/device/stm32f4xx_dma.o
DMA_GetFIFOStatus                                 ./cmsis/device/stm32f4xx_dma.o
DMA_GetFlagStatus                                 ./cmsis/device/stm32f4xx_dma.o
                                                  ./src/stm32f4_discovery_audio_codec.o
DMA_GetITStatus                                   ./cmsis/device/stm32f4xx_dma.o
DMA_ITConfig                                      ./cmsis/device/stm32f4xx_dma.o
                                                  ./src/stm32f4_discovery_audio_codec.o
DMA_Init                                          ./cmsis/device/stm32f4xx_dma.o
                                                  ./src/stm32f4_discovery_audio_codec.o
                                                  ./src/main.o
DMA_InitStructure                                 ./src/stm32f4_discovery_audio_codec.o
DMA_MemoryTargetConfig                            ./cmsis/device/stm32f4xx_dma.o
DMA_PeriphIncOffsetSizeConfig                     ./cmsis/device/stm32f4xx_dma.o
DMA_SetCurrDataCounter                            ./cmsis/device/stm32f4xx_dma.o
DMA_StructInit                                    ./cmsis/device/stm32f4xx_dma.o
DebugMon_Handler                                  ./src/stm32f4xx_it.o
                                                  ./cmsis/device/startup_stm32f4xx.o
Default_Handler                                   ./cmsis/device/startup_stm32f4xx.o
Delay                                             ./src/main.o
ETH_IRQHandler                                    ./cmsis/device/startup_stm32f4xx.o
ETH_WKUP_IRQHandler                               ./cmsis/device/startup_stm32f4xx.o
EVAL_AUDIO_DeInit                                 ./src/stm32f4_discovery_audio_codec.o
EVAL_AUDIO_GetSampleCallBack                      ./src/main.o
                                                  ./src/stm32f4_discovery_audio_codec.o
EVAL_AUDIO_HalfTransfer_CallBack                  ./src/main.o
                                                  ./src/stm32f4_discovery_audio_codec.o
EVAL_AUDIO_Init                                   ./src/stm32f4_discovery_audio_codec.o
                                                  ./src/main.o
EVAL_AUDIO_Mute                                   ./src/stm32f4_discovery_audio_codec.o
EVAL_AUDIO_PauseResume                            ./src/stm32f4_discovery_audio_codec.o
EVAL_AUDIO_Play                                   ./src/stm32f4_discovery_audio_codec.o
                                                  ./src/main.o
EVAL_AUDIO_SetAudioInterface                      ./src/stm32f4_discovery_audio_codec.o
EVAL_AUDIO_Stop                                   ./src/stm32f4_discovery_audio_codec.o
EVAL_AUDIO_TransferComplete_CallBack              ./src/main.o
                                                  ./src/stm32f4_discovery_audio_codec.o
EVAL_AUDIO_VolumeCtl                              ./src/stm32f4_discovery_audio_codec.o
                                                  ./src/stm32f4xx_it.o
EXTI0_IRQHandler                                  ./src/stm32f4xx_it.o
                                                  ./cmsis/device/startup_stm32f4xx.o
EXTI15_10_IRQHandler                              ./cmsis/device/startup_stm32f4xx.o
EXTI1_IRQHandler                                  ./cmsis/device/startup_stm32f4xx.o
EXTI2_IRQHandler                                  ./cmsis/device/startup_stm32f4xx.o
EXTI3_IRQHandler                                  ./cmsis/device/startup_stm32f4xx.o
EXTI4_IRQHandler                                  ./cmsis/device/startup_stm32f4xx.o
EXTI9_5_IRQHandler                                ./cmsis/device/startup_stm32f4xx.o
EXTI_ClearFlag                                    ./cmsis/device/stm32f4xx_exti.o
EXTI_ClearITPendingBit                            ./cmsis/device/stm32f4xx_exti.o
EXTI_DeInit                                       ./cmsis/device/stm32f4xx_exti.o
EXTI_GenerateSWInterrupt                          ./cmsis/device/stm32f4xx_exti.o
EXTI_GetFlagStatus                                ./cmsis/device/stm32f4xx_exti.o
EXTI_GetITStatus                                  ./cmsis/device/stm32f4xx_exti.o
EXTI_Init                                         ./cmsis/device/stm32f4xx_exti.o
                                                  ./src/stm32f4_discovery.o
EXTI_StructInit                                   ./cmsis/device/stm32f4xx_exti.o
FLASH_IRQHandler                                  ./cmsis/device/startup_stm32f4xx.o
FPU_IRQHandler                                    ./cmsis/device/startup_stm32f4xx.o
FSMC_IRQHandler                                   ./cmsis/device/startup_stm32f4xx.o
GPIO_CLK                                          ./src/stm32f4_discovery.o
GPIO_DeInit                                       ./cmsis/device/stm32f4xx_gpio.o
GPIO_Init                                         ./cmsis/device/stm32f4xx_gpio.o
                                                  ./src/stm32f4_discovery_audio_codec.o
                                                  ./src/stm32f4_discovery.o
                                                  ./src/main.o
GPIO_InitStructure                                ./src/main.o
GPIO_PIN                                          ./src/stm32f4_discovery.o
GPIO_PORT                                         ./src/stm32f4_discovery.o
GPIO_PinAFConfig                                  ./cmsis/device/stm32f4xx_gpio.o
                                                  ./src/stm32f4_discovery_audio_codec.o
GPIO_PinLockConfig                                ./cmsis/device/stm32f4xx_gpio.o
GPIO_ReadInputData                                ./cmsis/device/stm32f4xx_gpio.o
GPIO_ReadInputDataBit                             ./cmsis/device/stm32f4xx_gpio.o
                                                  ./src/stm32f4_discovery.o
GPIO_ReadOutputData                               ./cmsis/device/stm32f4xx_gpio.o
GPIO_ReadOutputDataBit                            ./cmsis/device/stm32f4xx_gpio.o
GPIO_ResetBits                                    ./cmsis/device/stm32f4xx_gpio.o
GPIO_SetBits                                      ./cmsis/device/stm32f4xx_gpio.o
GPIO_StructInit                                   ./cmsis/device/stm32f4xx_gpio.o
GPIO_ToggleBits                                   ./cmsis/device/stm32f4xx_gpio.o
GPIO_Write                                        ./cmsis/device/stm32f4xx_gpio.o
GPIO_WriteBit                                     ./cmsis/device/stm32f4xx_gpio.o
                                                  ./src/stm32f4_discovery_audio_codec.o
HASH_RNG_IRQHandler                               ./cmsis/device/startup_stm32f4xx.o
HardFault_Handler                                 ./src/stm32f4xx_it.o
                                                  ./cmsis/device/startup_stm32f4xx.o
I2C1_ER_IRQHandler                                ./cmsis/device/startup_stm32f4xx.o
I2C1_EV_IRQHandler                                ./cmsis/device/startup_stm32f4xx.o
I2C2_ER_IRQHandler                                ./cmsis/device/startup_stm32f4xx.o
I2C2_EV_IRQHandler                                ./cmsis/device/startup_stm32f4xx.o
I2C3_ER_IRQHandler                                ./cmsis/device/startup_stm32f4xx.o
I2C3_EV_IRQHandler                                ./cmsis/device/startup_stm32f4xx.o
I2C_ARPCmd                                        ./cmsis/device/stm32f4xx_i2c.o
I2C_AcknowledgeConfig                             ./cmsis/device/stm32f4xx_i2c.o
                                                  ./src/stm32f4_discovery_audio_codec.o
I2C_CalculatePEC                                  ./cmsis/device/stm32f4xx_i2c.o
I2C_CheckEvent                                    ./cmsis/device/stm32f4xx_i2c.o
                                                  ./src/stm32f4_discovery_audio_codec.o
I2C_ClearFlag                                     ./cmsis/device/stm32f4xx_i2c.o
                                                  ./src/stm32f4_discovery_audio_codec.o
I2C_ClearITPendingBit                             ./cmsis/device/stm32f4xx_i2c.o
I2C_Cmd                                           ./cmsis/device/stm32f4xx_i2c.o
                                                  ./src/stm32f4_discovery_audio_codec.o
I2C_DMACmd                                        ./cmsis/device/stm32f4xx_i2c.o
I2C_DMALastTransferCmd                            ./cmsis/device/stm32f4xx_i2c.o
I2C_DeInit                                        ./cmsis/device/stm32f4xx_i2c.o
                                                  ./src/stm32f4_discovery_audio_codec.o
I2C_DualAddressCmd                                ./cmsis/device/stm32f4xx_i2c.o
I2C_FastModeDutyCycleConfig                       ./cmsis/device/stm32f4xx_i2c.o
I2C_GeneralCallCmd                                ./cmsis/device/stm32f4xx_i2c.o
I2C_GenerateSTART                                 ./cmsis/device/stm32f4xx_i2c.o
                                                  ./src/stm32f4_discovery_audio_codec.o
I2C_GenerateSTOP                                  ./cmsis/device/stm32f4xx_i2c.o
                                                  ./src/stm32f4_discovery_audio_codec.o
I2C_GetFlagStatus                                 ./cmsis/device/stm32f4xx_i2c.o
                                                  ./src/stm32f4_discovery_audio_codec.o
I2C_GetITStatus                                   ./cmsis/device/stm32f4xx_i2c.o
I2C_GetLastEvent                                  ./cmsis/device/stm32f4xx_i2c.o
I2C_GetPEC                                        ./cmsis/device/stm32f4xx_i2c.o
I2C_ITConfig                                      ./cmsis/device/stm32f4xx_i2c.o
I2C_Init                                          ./cmsis/device/stm32f4xx_i2c.o
                                                  ./src/stm32f4_discovery_audio_codec.o
I2C_NACKPositionConfig                            ./cmsis/device/stm32f4xx_i2c.o
I2C_OwnAddress2Config                             ./cmsis/device/stm32f4xx_i2c.o
I2C_PECPositionConfig                             ./cmsis/device/stm32f4xx_i2c.o
I2C_ReadRegister                                  ./cmsis/device/stm32f4xx_i2c.o
I2C_ReceiveData                                   ./cmsis/device/stm32f4xx_i2c.o
                                                  ./src/stm32f4_discovery_audio_codec.o
I2C_SMBusAlertConfig                              ./cmsis/device/stm32f4xx_i2c.o
I2C_Send7bitAddress                               ./cmsis/device/stm32f4xx_i2c.o
                                                  ./src/stm32f4_discovery_audio_codec.o
I2C_SendData                                      ./cmsis/device/stm32f4xx_i2c.o
                                                  ./src/stm32f4_discovery_audio_codec.o
I2C_SoftwareResetCmd                              ./cmsis/device/stm32f4xx_i2c.o
I2C_StretchClockCmd                               ./cmsis/device/stm32f4xx_i2c.o
I2C_StructInit                                    ./cmsis/device/stm32f4xx_i2c.o
I2C_TransmitPEC                                   ./cmsis/device/stm32f4xx_i2c.o
I2S_Cmd                                           ./cmsis/device/stm32f4xx_spi.o
                                                  ./src/stm32f4_discovery_audio_codec.o
I2S_FullDuplexConfig                              ./cmsis/device/stm32f4xx_spi.o
I2S_Init                                          ./cmsis/device/stm32f4xx_spi.o
                                                  ./src/stm32f4_discovery_audio_codec.o
I2S_StructInit                                    ./cmsis/device/stm32f4xx_spi.o
MIDINOTES_FREQ_LUT                                ./src/pitchTables.o
MemManage_Handler                                 ./src/stm32f4xx_it.o
                                                  ./cmsis/device/startup_stm32f4xx.o
NMI_Handler                                       ./src/stm32f4xx_it.o
                                                  ./cmsis/device/startup_stm32f4xx.o
NVIC_Init                                         ./cmsis/device/misc.o
                                                  ./src/stm32f4_discovery_audio_codec.o
                                                  ./src/stm32f4_discovery.o
                                                  ./src/main.o
NVIC_InitStructure                                ./src/stm32f4_discovery.o
NVIC_PriorityGroupConfig                          ./cmsis/device/misc.o
NVIC_SetVectorTable                               ./cmsis/device/misc.o
NVIC_SystemLPConfig                               ./cmsis/device/misc.o
OTG_FS_IRQHandler                                 ./cmsis/device/startup_stm32f4xx.o
OTG_FS_WKUP_IRQHandler                            ./cmsis/device/startup_stm32f4xx.o
OTG_HS_EP1_IN_IRQHandler                          ./cmsis/device/startup_stm32f4xx.o
OTG_HS_EP1_OUT_IRQHandler                         ./cmsis/device/startup_stm32f4xx.o
OTG_HS_IRQHandler                                 ./cmsis/device/startup_stm32f4xx.o
OTG_HS_WKUP_IRQHandler                            ./cmsis/device/startup_stm32f4xx.o
OutputDev                                         ./src/stm32f4_discovery_audio_codec.o
PVD_IRQHandler                                    ./cmsis/device/startup_stm32f4xx.o
PendSV_Handler                                    ./src/stm32f4xx_it.o
                                                  ./cmsis/device/startup_stm32f4xx.o
PhaserFeedback                                    ./src/phaser2.o
                                                  ./src/stm32f4xx_it.o
PhaserInit                                        ./src/phaser2.o
                                                  ./src/main.o
PhaserProcess                                     ./src/phaser2.o
                                                  ./src/synth.o
PhaserRate                                        ./src/phaser2.o
                                                  ./src/stm32f4xx_it.o
PrescalerValue                                    ./src/main.o
RCC_AHB1PeriphClockCmd                            ./cmsis/device/stm32f4xx_rcc.o
                                                  ./src/stm32f4_discovery_audio_codec.o
                                                  ./src/stm32f4_discovery.o
                                                  ./src/main.o
RCC_AHB1PeriphClockLPModeCmd                      ./cmsis/device/stm32f4xx_rcc.o
RCC_AHB1PeriphResetCmd                            ./cmsis/device/stm32f4xx_rcc.o
                                                  ./cmsis/device/stm32f4xx_gpio.o
RCC_AHB2PeriphClockCmd                            ./cmsis/device/stm32f4xx_rcc.o
                                                  ./src/main.o
RCC_AHB2PeriphClockLPModeCmd                      ./cmsis/device/stm32f4xx_rcc.o
RCC_AHB2PeriphResetCmd                            ./cmsis/device/stm32f4xx_rcc.o
                                                  ./cmsis/device/stm32f4xx_rng.o
RCC_AHB3PeriphClockCmd                            ./cmsis/device/stm32f4xx_rcc.o
RCC_AHB3PeriphClockLPModeCmd                      ./cmsis/device/stm32f4xx_rcc.o
RCC_AHB3PeriphResetCmd                            ./cmsis/device/stm32f4xx_rcc.o
RCC_APB1PeriphClockCmd                            ./cmsis/device/stm32f4xx_rcc.o
                                                  ./src/stm32f4_discovery_audio_codec.o
                                                  ./src/main.o
RCC_APB1PeriphClockLPModeCmd                      ./cmsis/device/stm32f4xx_rcc.o
RCC_APB1PeriphResetCmd                            ./cmsis/device/stm32f4xx_rcc.o
                                                  ./cmsis/device/stm32f4xx_tim.o
                                                  ./cmsis/device/stm32f4xx_spi.o
                                                  ./cmsis/device/stm32f4xx_i2c.o
                                                  ./cmsis/device/stm32f4xx_dac.o
RCC_APB2PeriphClockCmd                            ./cmsis/device/stm32f4xx_rcc.o
                                                  ./src/stm32f4_discovery.o
                                                  ./src/main.o
RCC_APB2PeriphClockLPModeCmd                      ./cmsis/device/stm32f4xx_rcc.o
RCC_APB2PeriphResetCmd                            ./cmsis/device/stm32f4xx_rcc.o
                                                  ./cmsis/device/stm32f4xx_tim.o
                                                  ./cmsis/device/stm32f4xx_syscfg.o
                                                  ./cmsis/device/stm32f4xx_spi.o
                                                  ./cmsis/device/stm32f4xx_adc.o
RCC_AdjustHSICalibrationValue                     ./cmsis/device/stm32f4xx_rcc.o
RCC_BackupResetCmd                                ./cmsis/device/stm32f4xx_rcc.o
RCC_ClearFlag                                     ./cmsis/device/stm32f4xx_rcc.o
RCC_ClearITPendingBit                             ./cmsis/device/stm32f4xx_rcc.o
RCC_ClockSecuritySystemCmd                        ./cmsis/device/stm32f4xx_rcc.o
RCC_Clocks                                        ./src/main.o
RCC_DeInit                                        ./cmsis/device/stm32f4xx_rcc.o
RCC_GetClocksFreq                                 ./cmsis/device/stm32f4xx_rcc.o
                                                  ./cmsis/device/stm32f4xx_i2c.o
RCC_GetFlagStatus                                 ./cmsis/device/stm32f4xx_rcc.o
RCC_GetITStatus                                   ./cmsis/device/stm32f4xx_rcc.o
RCC_GetSYSCLKSource                               ./cmsis/device/stm32f4xx_rcc.o
RCC_HCLKConfig                                    ./cmsis/device/stm32f4xx_rcc.o
RCC_HSEConfig                                     ./cmsis/device/stm32f4xx_rcc.o
RCC_HSICmd                                        ./cmsis/device/stm32f4xx_rcc.o
RCC_I2SCLKConfig                                  ./cmsis/device/stm32f4xx_rcc.o
RCC_IRQHandler                                    ./cmsis/device/startup_stm32f4xx.o
RCC_ITConfig                                      ./cmsis/device/stm32f4xx_rcc.o
RCC_LSEConfig                                     ./cmsis/device/stm32f4xx_rcc.o
RCC_LSICmd                                        ./cmsis/device/stm32f4xx_rcc.o
RCC_MCO1Config                                    ./cmsis/device/stm32f4xx_rcc.o
RCC_MCO2Config                                    ./cmsis/device/stm32f4xx_rcc.o
RCC_PCLK1Config                                   ./cmsis/device/stm32f4xx_rcc.o
RCC_PCLK2Config                                   ./cmsis/device/stm32f4xx_rcc.o
RCC_PLLCmd                                        ./cmsis/device/stm32f4xx_rcc.o
RCC_PLLConfig                                     ./cmsis/device/stm32f4xx_rcc.o
RCC_PLLI2SCmd                                     ./cmsis/device/stm32f4xx_rcc.o
RCC_PLLI2SConfig                                  ./cmsis/device/stm32f4xx_rcc.o
RCC_RTCCLKCmd                                     ./cmsis/device/stm32f4xx_rcc.o
RCC_RTCCLKConfig                                  ./cmsis/device/stm32f4xx_rcc.o
RCC_SYSCLKConfig                                  ./cmsis/device/stm32f4xx_rcc.o
RCC_WaitForHSEStartUp                             ./cmsis/device/stm32f4xx_rcc.o
RNG_ClearFlag                                     ./cmsis/device/stm32f4xx_rng.o
RNG_ClearITPendingBit                             ./cmsis/device/stm32f4xx_rng.o
RNG_Cmd                                           ./cmsis/device/stm32f4xx_rng.o
                                                  ./src/main.o
RNG_DeInit                                        ./cmsis/device/stm32f4xx_rng.o
RNG_GetFlagStatus                                 ./cmsis/device/stm32f4xx_rng.o
                                                  ./src/main.o
RNG_GetITStatus                                   ./cmsis/device/stm32f4xx_rng.o
RNG_GetRandomNumber                               ./cmsis/device/stm32f4xx_rng.o
                                                  ./src/main.o
RNG_ITConfig                                      ./cmsis/device/stm32f4xx_rng.o
RTC_AlarmCmd                                      ./cmsis/device/stm32f4xx_rtc.o
RTC_AlarmStructInit                               ./cmsis/device/stm32f4xx_rtc.o
RTC_AlarmSubSecondConfig                          ./cmsis/device/stm32f4xx_rtc.o
RTC_Alarm_IRQHandler                              ./cmsis/device/startup_stm32f4xx.o
RTC_BypassShadowCmd                               ./cmsis/device/stm32f4xx_rtc.o
RTC_CalibOutputCmd                                ./cmsis/device/stm32f4xx_rtc.o
RTC_CalibOutputConfig                             ./cmsis/device/stm32f4xx_rtc.o
RTC_ClearFlag                                     ./cmsis/device/stm32f4xx_rtc.o
RTC_ClearITPendingBit                             ./cmsis/device/stm32f4xx_rtc.o
RTC_CoarseCalibCmd                                ./cmsis/device/stm32f4xx_rtc.o
RTC_CoarseCalibConfig                             ./cmsis/device/stm32f4xx_rtc.o
RTC_DateStructInit                                ./cmsis/device/stm32f4xx_rtc.o
RTC_DayLightSavingConfig                          ./cmsis/device/stm32f4xx_rtc.o
RTC_DeInit                                        ./cmsis/device/stm32f4xx_rtc.o
RTC_EnterInitMode                                 ./cmsis/device/stm32f4xx_rtc.o
RTC_ExitInitMode                                  ./cmsis/device/stm32f4xx_rtc.o
RTC_GetAlarm                                      ./cmsis/device/stm32f4xx_rtc.o
RTC_GetAlarmSubSecond                             ./cmsis/device/stm32f4xx_rtc.o
RTC_GetDate                                       ./cmsis/device/stm32f4xx_rtc.o
RTC_GetFlagStatus                                 ./cmsis/device/stm32f4xx_rtc.o
RTC_GetITStatus                                   ./cmsis/device/stm32f4xx_rtc.o
RTC_GetStoreOperation                             ./cmsis/device/stm32f4xx_rtc.o
RTC_GetSubSecond                                  ./cmsis/device/stm32f4xx_rtc.o
RTC_GetTime                                       ./cmsis/device/stm32f4xx_rtc.o
RTC_GetTimeStamp                                  ./cmsis/device/stm32f4xx_rtc.o
RTC_GetTimeStampSubSecond                         ./cmsis/device/stm32f4xx_rtc.o
RTC_GetWakeUpCounter                              ./cmsis/device/stm32f4xx_rtc.o
RTC_ITConfig                                      ./cmsis/device/stm32f4xx_rtc.o
RTC_Init                                          ./cmsis/device/stm32f4xx_rtc.o
RTC_OutputConfig                                  ./cmsis/device/stm32f4xx_rtc.o
RTC_OutputTypeConfig                              ./cmsis/device/stm32f4xx_rtc.o
RTC_ReadBackupRegister                            ./cmsis/device/stm32f4xx_rtc.o
RTC_RefClockCmd                                   ./cmsis/device/stm32f4xx_rtc.o
RTC_SetAlarm                                      ./cmsis/device/stm32f4xx_rtc.o
RTC_SetDate                                       ./cmsis/device/stm32f4xx_rtc.o
RTC_SetTime                                       ./cmsis/device/stm32f4xx_rtc.o
RTC_SetWakeUpCounter                              ./cmsis/device/stm32f4xx_rtc.o
RTC_SmoothCalibConfig                             ./cmsis/device/stm32f4xx_rtc.o
RTC_StructInit                                    ./cmsis/device/stm32f4xx_rtc.o
RTC_SynchroShiftConfig                            ./cmsis/device/stm32f4xx_rtc.o
RTC_TamperCmd                                     ./cmsis/device/stm32f4xx_rtc.o
RTC_TamperFilterConfig                            ./cmsis/device/stm32f4xx_rtc.o
RTC_TamperPinSelection                            ./cmsis/device/stm32f4xx_rtc.o
RTC_TamperPinsPrechargeDuration                   ./cmsis/device/stm32f4xx_rtc.o
RTC_TamperPullUpCmd                               ./cmsis/device/stm32f4xx_rtc.o
RTC_TamperSamplingFreqConfig                      ./cmsis/device/stm32f4xx_rtc.o
RTC_TamperTriggerConfig                           ./cmsis/device/stm32f4xx_rtc.o
RTC_TimeStampCmd                                  ./cmsis/device/stm32f4xx_rtc.o
RTC_TimeStampOnTamperDetectionCmd                 ./cmsis/device/stm32f4xx_rtc.o
RTC_TimeStampPinSelection                         ./cmsis/device/stm32f4xx_rtc.o
RTC_TimeStructInit                                ./cmsis/device/stm32f4xx_rtc.o
RTC_WKUP_IRQHandler                               ./cmsis/device/startup_stm32f4xx.o
RTC_WaitForSynchro                                ./cmsis/device/stm32f4xx_rtc.o